Archive member included to satisfy reference by file (symbol)

C:/Users/shiny/Documents/GitHub/NUCLEO-L476RG_DFSDM_PDM-Mic/Drivers/CMSIS/Lib/GCC\libarm_cortexM4lf_math.a(arm_max_f32.o)
                              Src\main.o (arm_max_f32)
C:/Users/shiny/Documents/GitHub/NUCLEO-L476RG_DFSDM_PDM-Mic/Drivers/CMSIS/Lib/GCC\libarm_cortexM4lf_math.a(arm_rfft_fast_init_f32.o)
                              Src\main.o (arm_rfft_fast_init_f32)
C:/Users/shiny/Documents/GitHub/NUCLEO-L476RG_DFSDM_PDM-Mic/Drivers/CMSIS/Lib/GCC\libarm_cortexM4lf_math.a(arm_rfft_fast_f32.o)
                              Src\main.o (arm_rfft_fast_f32)
C:/Users/shiny/Documents/GitHub/NUCLEO-L476RG_DFSDM_PDM-Mic/Drivers/CMSIS/Lib/GCC\libarm_cortexM4lf_math.a(arm_cfft_f32.o)
                              C:/Users/shiny/Documents/GitHub/NUCLEO-L476RG_DFSDM_PDM-Mic/Drivers/CMSIS/Lib/GCC\libarm_cortexM4lf_math.a(arm_rfft_fast_f32.o) (arm_cfft_f32)
C:/Users/shiny/Documents/GitHub/NUCLEO-L476RG_DFSDM_PDM-Mic/Drivers/CMSIS/Lib/GCC\libarm_cortexM4lf_math.a(arm_cmplx_mag_f32.o)
                              Src\main.o (arm_cmplx_mag_f32)
C:/Users/shiny/Documents/GitHub/NUCLEO-L476RG_DFSDM_PDM-Mic/Drivers/CMSIS/Lib/GCC\libarm_cortexM4lf_math.a(arm_cos_f32.o)
                              Src\main.o (arm_cos_f32)
C:/Users/shiny/Documents/GitHub/NUCLEO-L476RG_DFSDM_PDM-Mic/Drivers/CMSIS/Lib/GCC\libarm_cortexM4lf_math.a(arm_scale_f32.o)
                              Src\main.o (arm_scale_f32)
C:/Users/shiny/Documents/GitHub/NUCLEO-L476RG_DFSDM_PDM-Mic/Drivers/CMSIS/Lib/GCC\libarm_cortexM4lf_math.a(arm_mult_f32.o)
                              Src\main.o (arm_mult_f32)
C:/Users/shiny/Documents/GitHub/NUCLEO-L476RG_DFSDM_PDM-Mic/Drivers/CMSIS/Lib/GCC\libarm_cortexM4lf_math.a(arm_common_tables.o)
                              C:/Users/shiny/Documents/GitHub/NUCLEO-L476RG_DFSDM_PDM-Mic/Drivers/CMSIS/Lib/GCC\libarm_cortexM4lf_math.a(arm_cos_f32.o) (sinTable_f32)
C:/Users/shiny/Documents/GitHub/NUCLEO-L476RG_DFSDM_PDM-Mic/Drivers/CMSIS/Lib/GCC\libarm_cortexM4lf_math.a(arm_bitreversal2.o)
                              C:/Users/shiny/Documents/GitHub/NUCLEO-L476RG_DFSDM_PDM-Mic/Drivers/CMSIS/Lib/GCC\libarm_cortexM4lf_math.a(arm_cfft_f32.o) (arm_bitreversal_32)
C:/Users/shiny/Documents/GitHub/NUCLEO-L476RG_DFSDM_PDM-Mic/Drivers/CMSIS/Lib/GCC\libarm_cortexM4lf_math.a(arm_cfft_radix8_f32.o)
                              C:/Users/shiny/Documents/GitHub/NUCLEO-L476RG_DFSDM_PDM-Mic/Drivers/CMSIS/Lib/GCC\libarm_cortexM4lf_math.a(arm_cfft_f32.o) (arm_radix8_butterfly_f32)
c:/program files (x86)/atollic/truestudio for stm32 9.0.0/armtools/bin/../lib/gcc/arm-atollic-eabi/6.3.1/../../../../arm-atollic-eabi/lib/armv7e-m/fpu\libm.a(lib_a-wf_log10.o)
                              Src\main.o (log10f)
c:/program files (x86)/atollic/truestudio for stm32 9.0.0/armtools/bin/../lib/gcc/arm-atollic-eabi/6.3.1/../../../../arm-atollic-eabi/lib/armv7e-m/fpu\libm.a(lib_a-wf_sqrt.o)
                              C:/Users/shiny/Documents/GitHub/NUCLEO-L476RG_DFSDM_PDM-Mic/Drivers/CMSIS/Lib/GCC\libarm_cortexM4lf_math.a(arm_cmplx_mag_f32.o) (sqrtf)
c:/program files (x86)/atollic/truestudio for stm32 9.0.0/armtools/bin/../lib/gcc/arm-atollic-eabi/6.3.1/../../../../arm-atollic-eabi/lib/armv7e-m/fpu\libm.a(lib_a-ef_log10.o)
                              c:/program files (x86)/atollic/truestudio for stm32 9.0.0/armtools/bin/../lib/gcc/arm-atollic-eabi/6.3.1/../../../../arm-atollic-eabi/lib/armv7e-m/fpu\libm.a(lib_a-wf_log10.o) (__ieee754_log10f)
c:/program files (x86)/atollic/truestudio for stm32 9.0.0/armtools/bin/../lib/gcc/arm-atollic-eabi/6.3.1/../../../../arm-atollic-eabi/lib/armv7e-m/fpu\libm.a(lib_a-ef_sqrt.o)
                              c:/program files (x86)/atollic/truestudio for stm32 9.0.0/armtools/bin/../lib/gcc/arm-atollic-eabi/6.3.1/../../../../arm-atollic-eabi/lib/armv7e-m/fpu\libm.a(lib_a-wf_sqrt.o) (__ieee754_sqrtf)
c:/program files (x86)/atollic/truestudio for stm32 9.0.0/armtools/bin/../lib/gcc/arm-atollic-eabi/6.3.1/../../../../arm-atollic-eabi/lib/armv7e-m/fpu\libm.a(lib_a-s_lib_ver.o)
                              c:/program files (x86)/atollic/truestudio for stm32 9.0.0/armtools/bin/../lib/gcc/arm-atollic-eabi/6.3.1/../../../../arm-atollic-eabi/lib/armv7e-m/fpu\libm.a(lib_a-wf_log10.o) (__fdlib_version)
c:/program files (x86)/atollic/truestudio for stm32 9.0.0/armtools/bin/../lib/gcc/arm-atollic-eabi/6.3.1/../../../../arm-atollic-eabi/lib/armv7e-m/fpu\libm.a(lib_a-s_matherr.o)
                              c:/program files (x86)/atollic/truestudio for stm32 9.0.0/armtools/bin/../lib/gcc/arm-atollic-eabi/6.3.1/../../../../arm-atollic-eabi/lib/armv7e-m/fpu\libm.a(lib_a-wf_log10.o) (matherr)
c:/program files (x86)/atollic/truestudio for stm32 9.0.0/armtools/bin/../lib/gcc/arm-atollic-eabi/6.3.1/../../../../arm-atollic-eabi/lib/armv7e-m/fpu\libm.a(lib_a-s_nan.o)
[...]
Memory Configuration

Name             Origin             Length             Attributes
RAM              0x20000000         0x00018000         xrw
RAM2             0x10000000         0x00008000         xrw
FLASH            0x08000000         0x00100000         xr
*default*        0x00000000         0xffffffff

Linker script and memory map

LOAD c:/program files (x86)/atollic/truestudio for stm32 9.0.0/armtools/bin/../lib/gcc/arm-atollic-eabi/6.3.1/armv7e-m/fpu/crti.o
LOAD c:/program files (x86)/atollic/truestudio for stm32 9.0.0/armtools/bin/../lib/gcc/arm-atollic-eabi/6.3.1/armv7e-m/fpu/crtbegin.o
LOAD Drivers\STM32L4xx_HAL_Driver\Src\stm32l4xx_hal.o
LOAD Drivers\STM32L4xx_HAL_Driver\Src\stm32l4xx_hal_cortex.o
LOAD Drivers\STM32L4xx_HAL_Driver\Src\stm32l4xx_hal_dfsdm.o
LOAD Drivers\STM32L4xx_HAL_Driver\Src\stm32l4xx_hal_dma.o
LOAD Drivers\STM32L4xx_HAL_Driver\Src\stm32l4xx_hal_dma_ex.o
LOAD Drivers\STM32L4xx_HAL_Driver\Src\stm32l4xx_hal_flash.o
LOAD Drivers\STM32L4xx_HAL_Driver\Src\stm32l4xx_hal_flash_ex.o
LOAD Drivers\STM32L4xx_HAL_Driver\Src\stm32l4xx_hal_flash_ramfunc.o
LOAD Drivers\STM32L4xx_HAL_Driver\Src\stm32l4xx_hal_gpio.o
LOAD Drivers\STM32L4xx_HAL_Driver\Src\stm32l4xx_hal_i2c.o
LOAD Drivers\STM32L4xx_HAL_Driver\Src\stm32l4xx_hal_i2c_ex.o
LOAD Drivers\STM32L4xx_HAL_Driver\Src\stm32l4xx_hal_pwr.o
LOAD Drivers\STM32L4xx_HAL_Driver\Src\stm32l4xx_hal_pwr_ex.o
LOAD Drivers\STM32L4xx_HAL_Driver\Src\stm32l4xx_hal_rcc.o
LOAD Drivers\STM32L4xx_HAL_Driver\Src\stm32l4xx_hal_rcc_ex.o
LOAD Drivers\STM32L4xx_HAL_Driver\Src\stm32l4xx_hal_tim.o
LOAD Drivers\STM32L4xx_HAL_Driver\Src\stm32l4xx_hal_tim_ex.o
LOAD Drivers\STM32L4xx_HAL_Driver\Src\stm32l4xx_hal_uart.o
LOAD Drivers\STM32L4xx_HAL_Driver\Src\stm32l4xx_hal_uart_ex.o
LOAD Src\dfsdm.o
LOAD Src\dma.o
LOAD Src\gpio.o
LOAD Src\main.o
LOAD Src\stm32l4xx_hal_msp.o
LOAD Src\stm32l4xx_it.o
LOAD Src\system_stm32l4xx.o
LOAD Src\usart.o
LOAD startup\startup_stm32l476xx.o
LOAD C:/Users/shiny/Documents/GitHub/NUCLEO-L476RG_DFSDM_PDM-Mic/Drivers/CMSIS/Lib/GCC\libarm_cortexM4lf_math.a
LOAD c:/program files (x86)/atollic/truestudio for stm32 9.0.0/armtools/bin/../lib/gcc/arm-atollic-eabi/6.3.1/../../../../arm-atollic-eabi/lib/armv7e-m/fpu\libm.a
                0x00000080                malloc_getpagesize_P = 0x80
START GROUP
LOAD c:/program files (x86)/atollic/truestudio for stm32 9.0.0/armtools/bin/../lib/gcc/arm-atollic-eabi/6.3.1/../../../../arm-atollic-eabi/lib/armv7e-m/fpu\libc_nano.a
LOAD c:/program files (x86)/atollic/truestudio for stm32 9.0.0/armtools/bin/../lib/gcc/arm-atollic-eabi/6.3.1/../../../../arm-atollic-eabi/lib/armv7e-m/fpu\libm.a
END GROUP
START GROUP
LOAD c:/program files (x86)/atollic/truestudio for stm32 9.0.0/armtools/bin/../lib/gcc/arm-atollic-eabi/6.3.1/armv7e-m/fpu\libgcc.a
LOAD c:/program files (x86)/atollic/truestudio for stm32 9.0.0/armtools/bin/../lib/gcc/arm-atollic-eabi/6.3.1/../../../../arm-atollic-eabi/lib/armv7e-m/fpu\libc_nano.a
END GROUP
START GROUP
LOAD c:/program files (x86)/atollic/truestudio for stm32 9.0.0/armtools/bin/../lib/gcc/arm-atollic-eabi/6.3.1/armv7e-m/fpu\libgcc.a
LOAD c:/program files (x86)/atollic/truestudio for stm32 9.0.0/armtools/bin/../lib/gcc/arm-atollic-eabi/6.3.1/../../../../arm-atollic-eabi/lib/armv7e-m/fpu\libc_nano.a
LOAD c:/program files (x86)/atollic/truestudio for stm32 9.0.0/armtools/bin/../lib/gcc/arm-atollic-eabi/6.3.1/../../../../arm-atollic-eabi/lib/armv7e-m/fpu\libnosys.a
END GROUP
START GROUP
LOAD c:/program files (x86)/atollic/truestudio for stm32 9.0.0/armtools/bin/../lib/gcc/arm-atollic-eabi/6.3.1/armv7e-m/fpu\libgcc.a
LOAD c:/program files (x86)/atollic/truestudio for stm32 9.0.0/armtools/bin/../lib/gcc/arm-atollic-eabi/6.3.1/../../../../arm-atollic-eabi/lib/armv7e-m/fpu\libc_nano.a
LOAD c:/program files (x86)/atollic/truestudio for stm32 9.0.0/armtools/bin/../lib/gcc/arm-atollic-eabi/6.3.1/../../../../arm-atollic-eabi/lib/armv7e-m/fpu\libnosys.a
END GROUP
LOAD c:/program files (x86)/atollic/truestudio for stm32 9.0.0/armtools/bin/../lib/gcc/arm-atollic-eabi/6.3.1/armv7e-m/fpu/crtend.o
LOAD c:/program files (x86)/atollic/truestudio for stm32 9.0.0/armtools/bin/../lib/gcc/arm-atollic-eabi/6.3.1/armv7e-m/fpu/crtn.o
                0x20018000                _estack = 0x20018000
                0x00000200                _Min_Heap_Size = 0x200
                0x00000400                _Min_Stack_Size = 0x400

.isr_vector     0x08000000      0x188
                0x08000000                . = ALIGN (0x8)
 *(.isr_vector)
 .isr_vector    0x08000000      0x188 startup\startup_stm32l476xx.o
                0x08000000                g_pfnVectors
                0x08000188                . = ALIGN (0x8)

.text           0x08000190     0x8c28
                0x08000190                . = ALIGN (0x8)
 *(.text)
 .text          0x08000190       0x40 c:/program files (x86)/atollic/truestudio for stm32 9.0.0/armtools/bin/../lib/gcc/arm-atollic-eabi/6.3.1/armv7e-m/fpu/crtbegin.o
 .text          0x080001d0       0xc0 C:/Users/shiny/Documents/GitHub/NUCLEO-L476RG_DFSDM_PDM-Mic/Drivers/CMSIS/Lib/GCC\libarm_cortexM4lf_math.a(arm_bitreversal2.o)
                0x080001d0                arm_bitreversal_32
                0x0800023a                arm_bitreversal_16
 .text          0x08000290       0x10 c:/program files (x86)/atollic/truestudio for stm32 9.0.0/armtools/bin/../lib/gcc/arm-atollic-eabi/6.3.1/../../../../arm-atollic-eabi/lib/armv7e-m/fpu\libc_nano.a(lib_a-strlen.o)
                0x08000290                strlen
 .text          0x080002a0       0xa0 c:/program files (x86)/atollic/truestudio for stm32 9.0.0/armtools/bin/../lib/gcc/arm-atollic-eabi/6.3.1/../../../../arm-atollic-eabi/lib/armv7e-m/fpu\libc_nano.a(lib_a-memchr.o)
                0x080002a0                memchr
 .text          0x08000340      0x370 c:/program files (x86)/atollic/truestudio for stm32 9.0.0/armtools/bin/../lib/gcc/arm-atollic-eabi/6.3.1/armv7e-m/fpu\libgcc.a(_arm_addsubdf3.o)
                0x08000340                __aeabi_drsub
                0x08000348                __aeabi_dsub
                0x08000348                __subdf3
                0x0800034c                __aeabi_dadd
                0x0800034c                __adddf3
                0x080005c4                __floatunsidf
                0x080005c4                __aeabi_ui2d
                0x080005e4                __floatsidf
                0x080005e4                __aeabi_i2d
                0x08000608                __aeabi_f2d
                0x08000608                __extendsfdf2
                0x08000644                __floatundidf
                0x08000644                __aeabi_ul2d
                0x08000654                __floatdidf
                0x08000654                __aeabi_l2d
 .text          0x080006b0      0x424 c:/program files (x86)/atollic/truestudio for stm32 9.0.0/armtools/bin/../lib/gcc/arm-atollic-eabi/6.3.1/armv7e-m/fpu\libgcc.a(_arm_muldivdf3.o)
                0x080006b0                __aeabi_dmul
                0x080006b0                __muldf3
                0x08000904                __divdf3
                0x08000904                __aeabi_ddiv
 .text          0x08000ad4      0x110 c:/program files (x86)/atollic/truestudio for stm32 9.0.0/armtools/bin/../lib/gcc/arm-atollic-eabi/6.3.1/armv7e-m/fpu\libgcc.a(_arm_cmpdf2.o)
                0x08000ad4                __gtdf2
                0x08000ad4                __gedf2
                0x08000adc                __ltdf2
                0x08000adc                __ledf2
                0x08000ae4                __nedf2
                0x08000ae4                __eqdf2
                0x08000ae4                __cmpdf2
                0x08000b60                __aeabi_cdrcmple
                0x08000b70                __aeabi_cdcmpeq
                0x08000b70                __aeabi_cdcmple
                0x08000b80                __aeabi_dcmpeq
                0x08000b94                __aeabi_dcmplt
                0x08000ba8                __aeabi_dcmple
                0x08000bbc                __aeabi_dcmpge
                0x08000bd0                __aeabi_dcmpgt
 .text          0x08000be4       0x2c c:/program files (x86)/atollic/truestudio for stm32 9.0.0/armtools/bin/../lib/gcc/arm-atollic-eabi/6.3.1/armv7e-m/fpu\libgcc.a(_arm_unorddf2.o)
                0x08000be4                __unorddf2
                0x08000be4                __aeabi_dcmpun
 .text          0x08000c10       0x50 c:/program files (x86)/atollic/truestudio for stm32 9.0.0/armtools/bin/../lib/gcc/arm-atollic-eabi/6.3.1/armv7e-m/fpu\libgcc.a(_arm_fixdfsi.o)
                0x08000c10                __aeabi_d2iz
                0x08000c10                __fixdfsi
 .text          0x08000c60       0xa0 c:/program files (x86)/atollic/truestudio for stm32 9.0.0/armtools/bin/../lib/gcc/arm-atollic-eabi/6.3.1/armv7e-m/fpu\libgcc.a(_arm_truncdfsf2.o)
                0x08000c60                __truncdfsf2
                0x08000c60                __aeabi_d2f
 .text          0x08000d00       0x30 c:/program files (x86)/atollic/truestudio for stm32 9.0.0/armtools/bin/../lib/gcc/arm-atollic-eabi/6.3.1/armv7e-m/fpu\libgcc.a(_aeabi_uldivmod.o)
                0x08000d00                __aeabi_uldivmod
 .text          0x08000d30      0x2dc c:/program files (x86)/atollic/truestudio for stm32 9.0.0/armtools/bin/../lib/gcc/arm-atollic-eabi/6.3.1/armv7e-m/fpu\libgcc.a(_udivmoddi4.o)
                0x08000d30                __udivmoddi4
 .text          0x0800100c        0x4 c:/program files (x86)/atollic/truestudio for stm32 9.0.0/armtools/bin/../lib/gcc/arm-atollic-eabi/6.3.1/armv7e-m/fpu\libgcc.a(_dvmd_tls.o)
                0x0800100c                __aeabi_idiv0
                0x0800100c                __aeabi_ldiv0
 *(.text*)
 .text.HAL_Init
                0x08001010       0x2c Drivers\STM32L4xx_HAL_Driver\Src\stm32l4xx_hal.o
                0x08001010                HAL_Init
 .text.HAL_InitTick
                0x0800103c       0x38 Drivers\STM32L4xx_HAL_Driver\Src\stm32l4xx_hal.o
                0x0800103c                HAL_InitTick
 .text.HAL_IncTick
                0x08001074       0x1c Drivers\STM32L4xx_HAL_Driver\Src\stm32l4xx_hal.o
                0x08001074                HAL_IncTick
 .text.HAL_GetTick
                0x08001090       0x18 Drivers\STM32L4xx_HAL_Driver\Src\stm32l4xx_hal.o
                0x08001090                HAL_GetTick
 .text.HAL_Delay
                0x080010a8       0x3a Drivers\STM32L4xx_HAL_Driver\Src\stm32l4xx_hal.o
                0x080010a8                HAL_Delay
 *fill*         0x080010e2        0x2 
 .text.NVIC_SetPriorityGrouping
                0x080010e4       0x48 Drivers\STM32L4xx_HAL_Driver\Src\stm32l4xx_hal_cortex.o
 .text.NVIC_GetPriorityGrouping
                0x0800112c       0x1c Drivers\STM32L4xx_HAL_Driver\Src\stm32l4xx_hal_cortex.o
 .text.NVIC_EnableIRQ
                0x08001148       0x34 Drivers\STM32L4xx_HAL_Driver\Src\stm32l4xx_hal_cortex.o
 .text.NVIC_SetPriority
                0x0800117c       0x54 Drivers\STM32L4xx_HAL_Driver\Src\stm32l4xx_hal_cortex.o
 .text.NVIC_EncodePriority
                0x080011d0       0x62 Drivers\STM32L4xx_HAL_Driver\Src\stm32l4xx_hal_cortex.o
 *fill*         0x08001232        0x2 
 .text.SysTick_Config
                0x08001234       0x44 Drivers\STM32L4xx_HAL_Driver\Src\stm32l4xx_hal_cortex.o
 .text.HAL_NVIC_SetPriorityGrouping
                0x08001278       0x16 Drivers\STM32L4xx_HAL_Driver\Src\stm32l4xx_hal_cortex.o
                0x08001278                HAL_NVIC_SetPriorityGrouping
 .text.HAL_NVIC_SetPriority
                0x0800128e       0x38 Drivers\STM32L4xx_HAL_Driver\Src\stm32l4xx_hal_cortex.o
                0x0800128e                HAL_NVIC_SetPriority
 .text.HAL_NVIC_EnableIRQ
                0x080012c6       0x1c Drivers\STM32L4xx_HAL_Driver\Src\stm32l4xx_hal_cortex.o
                0x080012c6                HAL_NVIC_EnableIRQ
 .text.HAL_SYSTICK_Config
                0x080012e2       0x18 Drivers\STM32L4xx_HAL_Driver\Src\stm32l4xx_hal_cortex.o
                0x080012e2                HAL_SYSTICK_Config
 *fill*         0x080012fa        0x2 
 .text.HAL_SYSTICK_CLKSourceConfig
                0x080012fc       0x38 Drivers\STM32L4xx_HAL_Driver\Src\stm32l4xx_hal_cortex.o
                0x080012fc                HAL_SYSTICK_CLKSourceConfig
 .text.HAL_SYSTICK_IRQHandler
                0x08001334        0xc Drivers\STM32L4xx_HAL_Driver\Src\stm32l4xx_hal_cortex.o
                0x08001334                HAL_SYSTICK_IRQHandler
 .text.HAL_SYSTICK_Callback
                0x08001340        0xe Drivers\STM32L4xx_HAL_Driver\Src\stm32l4xx_hal_cortex.o
                0x08001340                HAL_SYSTICK_Callback
 *fill*         0x0800134e        0x2 
 .text.HAL_DFSDM_ChannelInit
                0x08001350      0x180 Drivers\STM32L4xx_HAL_Driver\Src\stm32l4xx_hal_dfsdm.o
                0x08001350                HAL_DFSDM_ChannelInit
 .text.HAL_DFSDM_FilterInit
                0x080014d0      0x1b4 Drivers\STM32L4xx_HAL_Driver\Src\stm32l4xx_hal_dfsdm.o
                0x080014d0                HAL_DFSDM_FilterInit
 .text.HAL_DFSDM_FilterConfigRegChannel
                0x08001684       0x8a Drivers\STM32L4xx_HAL_Driver\Src\stm32l4xx_hal_dfsdm.o
                0x08001684                HAL_DFSDM_FilterConfigRegChannel
 *fill*         0x0800170e        0x2 
 .text.HAL_DFSDM_FilterRegularStart_DMA
                0x08001710      0x104 Drivers\STM32L4xx_HAL_Driver\Src\stm32l4xx_hal_dfsdm.o
                0x08001710                HAL_DFSDM_FilterRegularStart_DMA
 .text.HAL_DFSDM_FilterErrorCallback
                0x08001814       0x14 Drivers\STM32L4xx_HAL_Driver\Src\stm32l4xx_hal_dfsdm.o
                0x08001814                HAL_DFSDM_FilterErrorCallback
 .text.DFSDM_DMARegularHalfConvCplt
                0x08001828       0x1c Drivers\STM32L4xx_HAL_Driver\Src\stm32l4xx_hal_dfsdm.o
 .text.DFSDM_DMARegularConvCplt
                0x08001844       0x1c Drivers\STM32L4xx_HAL_Driver\Src\stm32l4xx_hal_dfsdm.o
 .text.DFSDM_DMAError
                0x08001860       0x22 Drivers\STM32L4xx_HAL_Driver\Src\stm32l4xx_hal_dfsdm.o
 *fill*         0x08001882        0x2 
 .text.DFSDM_GetChannelFromInstance
                0x08001884       0xa8 Drivers\STM32L4xx_HAL_Driver\Src\stm32l4xx_hal_dfsdm.o
 .text.DFSDM_RegConvStart
                0x0800192c       0xac Drivers\STM32L4xx_HAL_Driver\Src\stm32l4xx_hal_dfsdm.o
 .text.HAL_DMA_Init
                0x080019d8      0x17c Drivers\STM32L4xx_HAL_Driver\Src\stm32l4xx_hal_dma.o
                0x080019d8                HAL_DMA_Init
 .text.HAL_DMA_Start_IT
                0x08001b54       0xc0 Drivers\STM32L4xx_HAL_Driver\Src\stm32l4xx_hal_dma.o
                0x08001b54                HAL_DMA_Start_IT
 .text.HAL_DMA_IRQHandler
                0x08001c14      0x146 Drivers\STM32L4xx_HAL_Driver\Src\stm32l4xx_hal_dma.o
                0x08001c14                HAL_DMA_IRQHandler
 .text.DMA_SetConfig
                0x08001d5a       0x5c Drivers\STM32L4xx_HAL_Driver\Src\stm32l4xx_hal_dma.o
 *fill*         0x08001db6        0x2 
 .text.HAL_GPIO_Init
                0x08001db8      0x358 Drivers\STM32L4xx_HAL_Driver\Src\stm32l4xx_hal_gpio.o
                0x08001db8                HAL_GPIO_Init
 .text.HAL_GPIO_WritePin
                0x08002110       0x30 Drivers\STM32L4xx_HAL_Driver\Src\stm32l4xx_hal_gpio.o
                0x08002110                HAL_GPIO_WritePin
 .text.HAL_GPIO_EXTI_IRQHandler
                0x08002140       0x30 Drivers\STM32L4xx_HAL_Driver\Src\stm32l4xx_hal_gpio.o
                0x08002140                HAL_GPIO_EXTI_IRQHandler
 .text.HAL_PWREx_GetVoltageRange
                0x08002170       0x1c Drivers\STM32L4xx_HAL_Driver\Src\stm32l4xx_hal_pwr_ex.o
                0x08002170                HAL_PWREx_GetVoltageRange
 .text.HAL_PWREx_ControlVoltageScaling
                0x0800218c       0xac Drivers\STM32L4xx_HAL_Driver\Src\stm32l4xx_hal_pwr_ex.o
                0x0800218c                HAL_PWREx_ControlVoltageScaling
 .text.HAL_RCC_OscConfig
                0x08002238      0x6c4 Drivers\STM32L4xx_HAL_Driver\Src\stm32l4xx_hal_rcc.o
                0x08002238                HAL_RCC_OscConfig
 .text.HAL_RCC_ClockConfig
                0x080028fc      0x230 Drivers\STM32L4xx_HAL_Driver\Src\stm32l4xx_hal_rcc.o
                0x080028fc                HAL_RCC_ClockConfig
 .text.HAL_RCC_GetSysClockFreq
                0x08002b2c      0x160 Drivers\STM32L4xx_HAL_Driver\Src\stm32l4xx_hal_rcc.o
                0x08002b2c                HAL_RCC_GetSysClockFreq
 .text.HAL_RCC_GetHCLKFreq
                0x08002c8c       0x18 Drivers\STM32L4xx_HAL_Driver\Src\stm32l4xx_hal_rcc.o
                0x08002c8c                HAL_RCC_GetHCLKFreq
 .text.HAL_RCC_GetPCLK1Freq
                0x08002ca4       0x28 Drivers\STM32L4xx_HAL_Driver\Src\stm32l4xx_hal_rcc.o
                0x08002ca4                HAL_RCC_GetPCLK1Freq
 .text.HAL_RCC_GetPCLK2Freq
                0x08002ccc       0x28 Drivers\STM32L4xx_HAL_Driver\Src\stm32l4xx_hal_rcc.o
                0x08002ccc                HAL_RCC_GetPCLK2Freq
 .text.RCC_SetFlashLatencyFromMSIRange
                0x08002cf4       0xc4 Drivers\STM32L4xx_HAL_Driver\Src\stm32l4xx_hal_rcc.o
 .text.HAL_RCCEx_PeriphCLKConfig
                0x08002db8      0x5c8 Drivers\STM32L4xx_HAL_Driver\Src\stm32l4xx_hal_rcc_ex.o
                0x08002db8                HAL_RCCEx_PeriphCLKConfig
 .text.RCCEx_PLLSAI1_Config
                0x08003380      0x1e4 Drivers\STM32L4xx_HAL_Driver\Src\stm32l4xx_hal_rcc_ex.o
 .text.RCCEx_PLLSAI2_Config
                0x08003564      0x1b8 Drivers\STM32L4xx_HAL_Driver\Src\stm32l4xx_hal_rcc_ex.o
 .text.HAL_UART_Init
                0x0800371c       0xa2 Drivers\STM32L4xx_HAL_Driver\Src\stm32l4xx_hal_uart.o
                0x0800371c                HAL_UART_Init
 .text.HAL_UART_Transmit
                0x080037be      0x11a Drivers\STM32L4xx_HAL_Driver\Src\stm32l4xx_hal_uart.o
                0x080037be                HAL_UART_Transmit
 .text.UART_SetConfig
                0x080038d8      0x67c Drivers\STM32L4xx_HAL_Driver\Src\stm32l4xx_hal_uart.o
                0x080038d8                UART_SetConfig
 .text.UART_AdvFeatureConfig
                0x08003f54      0x144 Drivers\STM32L4xx_HAL_Driver\Src\stm32l4xx_hal_uart.o
                0x08003f54                UART_AdvFeatureConfig
 .text.UART_CheckIdleState
                0x08004098       0x92 Drivers\STM32L4xx_HAL_Driver\Src\stm32l4xx_hal_uart.o
                0x08004098                UART_CheckIdleState
 .text.UART_WaitOnFlagUntilTimeout
                0x0800412a       0x94 Drivers\STM32L4xx_HAL_Driver\Src\stm32l4xx_hal_uart.o
                0x0800412a                UART_WaitOnFlagUntilTimeout
 *fill*         0x080041be        0x2 
 .text.MX_DFSDM1_Init
                0x080041c0       0xdc Src\dfsdm.o
                0x080041c0                MX_DFSDM1_Init
 .text.HAL_DFSDM_FilterMspInit
                0x0800429c      0x124 Src\dfsdm.o
                0x0800429c                HAL_DFSDM_FilterMspInit
 .text.HAL_DFSDM_ChannelMspInit
                0x080043c0       0xa4 Src\dfsdm.o
                0x080043c0                HAL_DFSDM_ChannelMspInit
 .text.MX_DMA_Init
                0x08004464       0x3c Src\dma.o
                0x08004464                MX_DMA_Init
 .text.MX_GPIO_Init
                0x080044a0       0xd0 Src\gpio.o
                0x080044a0                MX_GPIO_Init
 .text.main     0x08004570      0x338 Src\main.o
                0x08004570                main
 .text.SystemClock_Config
                0x080048a8      0x104 Src\main.o
                0x080048a8                SystemClock_Config
 .text.HAL_DFSDM_FilterRegConvHalfCpltCallback
                0x080049ac       0x14 Src\main.o
                0x080049ac                HAL_DFSDM_FilterRegConvHalfCpltCallback
 .text.HAL_DFSDM_FilterRegConvCpltCallback
                0x080049c0       0x54 Src\main.o
                0x080049c0                HAL_DFSDM_FilterRegConvCpltCallback
 .text._write   0x08004a14       0x2c Src\main.o
                0x08004a14                _write
 .text.HAL_GPIO_EXTI_Callback
                0x08004a40       0x30 Src\main.o
                0x08004a40                HAL_GPIO_EXTI_Callback
 .text._Error_Handler
                0x08004a70        0xc Src\main.o
                0x08004a70                _Error_Handler
 .text.HAL_MspInit
                0x08004a7c       0x9c Src\stm32l4xx_hal_msp.o
                0x08004a7c                HAL_MspInit
 .text.SVC_Handler
                0x08004b18        0xe Src\stm32l4xx_it.o
                0x08004b18                SVC_Handler
 .text.PendSV_Handler
                0x08004b26        0xe Src\stm32l4xx_it.o
                0x08004b26                PendSV_Handler
 .text.SysTick_Handler
                0x08004b34       0x10 Src\stm32l4xx_it.o
                0x08004b34                SysTick_Handler
 .text.DMA1_Channel4_IRQHandler
                0x08004b44       0x14 Src\stm32l4xx_it.o
                0x08004b44                DMA1_Channel4_IRQHandler
 .text.EXTI15_10_IRQHandler
                0x08004b58       0x10 Src\stm32l4xx_it.o
                0x08004b58                EXTI15_10_IRQHandler
 .text.SystemInit
                0x08004b68       0x6c Src\system_stm32l4xx.o
                0x08004b68                SystemInit
 .text.MX_USART2_UART_Init
                0x08004bd4       0x68 Src\usart.o
                0x08004bd4                MX_USART2_UART_Init
 .text.HAL_UART_MspInit
                0x08004c3c       0x5c Src\usart.o
                0x08004c3c                HAL_UART_MspInit
 .text.Reset_Handler
                0x08004c98       0x50 startup\startup_stm32l476xx.o
                0x08004c98                Reset_Handler
 .text.Default_Handler
                0x08004ce8        0x2 startup\startup_stm32l476xx.o
                0x08004ce8                RTC_Alarm_IRQHandler
                0x08004ce8                EXTI2_IRQHandler
                0x08004ce8                TIM8_TRG_COM_IRQHandler
                0x08004ce8                TIM8_CC_IRQHandler
                0x08004ce8                DebugMon_Handler
                0x08004ce8                TIM1_CC_IRQHandler
                0x08004ce8                TSC_IRQHandler
                0x08004ce8                HardFault_Handler
                0x08004ce8                TAMP_STAMP_IRQHandler
                0x08004ce8                NMI_Handler
                0x08004ce8                EXTI3_IRQHandler
                0x08004ce8                LPTIM2_IRQHandler
                0x08004ce8                DFSDM1_FLT1_IRQHandler
                0x08004ce8                I2C3_ER_IRQHandler
                0x08004ce8                DFSDM1_FLT2_IRQHandler
                0x08004ce8                EXTI0_IRQHandler
                0x08004ce8                I2C2_EV_IRQHandler
                0x08004ce8                CAN1_RX0_IRQHandler
                0x08004ce8                FPU_IRQHandler
                0x08004ce8                TIM1_UP_TIM16_IRQHandler
                0x08004ce8                UsageFault_Handler
                0x08004ce8                ADC1_2_IRQHandler
                0x08004ce8                SPI1_IRQHandler
                0x08004ce8                TIM6_DAC_IRQHandler
                0x08004ce8                TIM8_UP_IRQHandler
                0x08004ce8                DMA2_Channel2_IRQHandler
                0x08004ce8                SAI2_IRQHandler
                0x08004ce8                DFSDM1_FLT3_IRQHandler
                0x08004ce8                USART3_IRQHandler
                0x08004ce8                DMA1_Channel7_IRQHandler
                0x08004ce8                CAN1_RX1_IRQHandler
                0x08004ce8                LCD_IRQHandler
                0x08004ce8                UART5_IRQHandler
                0x08004ce8                ADC3_IRQHandler
                0x08004ce8                TIM4_IRQHandler
                0x08004ce8                DMA2_Channel1_IRQHandler
                0x08004ce8                QUADSPI_IRQHandler
                0x08004ce8                I2C1_EV_IRQHandler
                0x08004ce8                DMA1_Channel6_IRQHandler
                0x08004ce8                UART4_IRQHandler
                0x08004ce8                DMA2_Channel4_IRQHandler
                0x08004ce8                TIM3_IRQHandler
                0x08004ce8                RCC_IRQHandler
                0x08004ce8                DMA1_Channel1_IRQHandler
                0x08004ce8                Default_Handler
                0x08004ce8                DMA2_Channel7_IRQHandler
                0x08004ce8                TIM7_IRQHandler
                0x08004ce8                SDMMC1_IRQHandler
                0x08004ce8                TIM5_IRQHandler
                0x08004ce8                I2C3_EV_IRQHandler
                0x08004ce8                EXTI9_5_IRQHandler
                0x08004ce8                RTC_WKUP_IRQHandler
                0x08004ce8                PVD_PVM_IRQHandler
                0x08004ce8                SPI2_IRQHandler
                0x08004ce8                MemManage_Handler
                0x08004ce8                CAN1_TX_IRQHandler
                0x08004ce8                DMA2_Channel5_IRQHandler
                0x08004ce8                DMA1_Channel5_IRQHandler
                0x08004ce8                EXTI4_IRQHandler
                0x08004ce8                RNG_IRQHandler
                0x08004ce8                TIM1_TRG_COM_TIM17_IRQHandler
                0x08004ce8                DMA1_Channel3_IRQHandler
                0x08004ce8                COMP_IRQHandler
                0x08004ce8                WWDG_IRQHandler
                0x08004ce8                LPUART1_IRQHandler
                0x08004ce8                DMA2_Channel6_IRQHandler
                0x08004ce8                TIM2_IRQHandler
                0x08004ce8                EXTI1_IRQHandler
                0x08004ce8                USART2_IRQHandler
                0x08004ce8                DFSDM1_FLT0_IRQHandler
                0x08004ce8                I2C2_ER_IRQHandler
                0x08004ce8                DMA1_Channel2_IRQHandler
                0x08004ce8                TIM8_BRK_IRQHandler
                0x08004ce8                CAN1_SCE_IRQHandler
                0x08004ce8                FLASH_IRQHandler
                0x08004ce8                BusFault_Handler
                0x08004ce8                USART1_IRQHandler
                0x08004ce8                OTG_FS_IRQHandler
                0x08004ce8                SPI3_IRQHandler
                0x08004ce8                I2C1_ER_IRQHandler
                0x08004ce8                FMC_IRQHandler
                0x08004ce8                SWPMI1_IRQHandler
                0x08004ce8                LPTIM1_IRQHandler
                0x08004ce8                SAI1_IRQHandler
                0x08004ce8                DMA2_Channel3_IRQHandler
                0x08004ce8                TIM1_BRK_TIM15_IRQHandler
 *fill*         0x08004cea        0x2 
 .text.arm_max_f32
                0x08004cec       0xd0 C:/Users/shiny/Documents/GitHub/NUCLEO-L476RG_DFSDM_PDM-Mic/Drivers/CMSIS/Lib/GCC\libarm_cortexM4lf_math.a(arm_max_f32.o)
                0x08004cec                arm_max_f32
 .text.arm_rfft_fast_init_f32
                0x08004dbc      0x108 C:/Users/shiny/Documents/GitHub/NUCLEO-L476RG_DFSDM_PDM-Mic/Drivers/CMSIS/Lib/GCC\libarm_cortexM4lf_math.a(arm_rfft_fast_init_f32.o)
                0x08004dbc                arm_rfft_fast_init_f32
 .text.arm_rfft_fast_f32
                0x08004ec4      0x188 C:/Users/shiny/Documents/GitHub/NUCLEO-L476RG_DFSDM_PDM-Mic/Drivers/CMSIS/Lib/GCC\libarm_cortexM4lf_math.a(arm_rfft_fast_f32.o)
                0x08004ec4                arm_rfft_fast_f32
 .text.arm_cfft_radix8by2_f32
                0x0800504c      0x1a4 C:/Users/shiny/Documents/GitHub/NUCLEO-L476RG_DFSDM_PDM-Mic/Drivers/CMSIS/Lib/GCC\libarm_cortexM4lf_math.a(arm_cfft_f32.o)
                0x0800504c                arm_cfft_radix8by2_f32
 .text.arm_cfft_radix8by4_f32
                0x080051f0      0x4bc C:/Users/shiny/Documents/GitHub/NUCLEO-L476RG_DFSDM_PDM-Mic/Drivers/CMSIS/Lib/GCC\libarm_cortexM4lf_math.a(arm_cfft_f32.o)
                0x080051f0                arm_cfft_radix8by4_f32
 .text.arm_cfft_f32
                0x080056ac       0xf4 C:/Users/shiny/Documents/GitHub/NUCLEO-L476RG_DFSDM_PDM-Mic/Drivers/CMSIS/Lib/GCC\libarm_cortexM4lf_math.a(arm_cfft_f32.o)
                0x080056ac                arm_cfft_f32
 .text.arm_cmplx_mag_f32
                0x080057a0      0x1d0 C:/Users/shiny/Documents/GitHub/NUCLEO-L476RG_DFSDM_PDM-Mic/Drivers/CMSIS/Lib/GCC\libarm_cortexM4lf_math.a(arm_cmplx_mag_f32.o)
                0x080057a0                arm_cmplx_mag_f32
 .text.arm_cos_f32
                0x08005970       0x80 C:/Users/shiny/Documents/GitHub/NUCLEO-L476RG_DFSDM_PDM-Mic/Drivers/CMSIS/Lib/GCC\libarm_cortexM4lf_math.a(arm_cos_f32.o)
                0x08005970                arm_cos_f32
 .text.arm_scale_f32
                0x080059f0       0x6c C:/Users/shiny/Documents/GitHub/NUCLEO-L476RG_DFSDM_PDM-Mic/Drivers/CMSIS/Lib/GCC\libarm_cortexM4lf_math.a(arm_scale_f32.o)
                0x080059f0                arm_scale_f32
 .text.arm_mult_f32
                0x08005a5c       0x8c C:/Users/shiny/Documents/GitHub/NUCLEO-L476RG_DFSDM_PDM-Mic/Drivers/CMSIS/Lib/GCC\libarm_cortexM4lf_math.a(arm_mult_f32.o)
                0x08005a5c                arm_mult_f32
 .text.arm_radix8_butterfly_f32
                0x08005ae8      0x5c4 C:/Users/shiny/Documents/GitHub/NUCLEO-L476RG_DFSDM_PDM-Mic/Drivers/CMSIS/Lib/GCC\libarm_cortexM4lf_math.a(arm_cfft_radix8_f32.o)
                0x08005ae8                arm_radix8_butterfly_f32
 .text.log10f   0x080060ac       0xec c:/program files (x86)/atollic/truestudio for stm32 9.0.0/armtools/bin/../lib/gcc/arm-atollic-eabi/6.3.1/../../../../arm-atollic-eabi/lib/armv7e-m/fpu\libm.a(lib_a-wf_log10.o)
                0x080060ac                log10f
 .text.sqrtf    0x08006198       0xa0 c:/program files (x86)/atollic/truestudio for stm32 9.0.0/armtools/bin/../lib/gcc/arm-atollic-eabi/6.3.1/../../../../arm-atollic-eabi/lib/armv7e-m/fpu\libm.a(lib_a-wf_sqrt.o)
                0x08006198                sqrtf
 .text.__ieee754_log10f
                0x08006238       0xb0 c:/program files (x86)/atollic/truestudio for stm32 9.0.0/armtools/bin/../lib/gcc/arm-atollic-eabi/6.3.1/../../../../arm-atollic-eabi/lib/armv7e-m/fpu\libm.a(lib_a-ef_log10.o)
                0x08006238                __ieee754_log10f
 .text.__ieee754_sqrtf
                0x080062e8       0x8e c:/program files (x86)/atollic/truestudio for stm32 9.0.0/armtools/bin/../lib/gcc/arm-atollic-eabi/6.3.1/../../../../arm-atollic-eabi/lib/armv7e-m/fpu\libm.a(lib_a-ef_sqrt.o)
                0x080062e8                __ieee754_sqrtf
 .text.matherr  0x08006376        0x4 c:/program files (x86)/atollic/truestudio for stm32 9.0.0/armtools/bin/../lib/gcc/arm-atollic-eabi/6.3.1/../../../../arm-atollic-eabi/lib/armv7e-m/fpu\libm.a(lib_a-s_matherr.o)
                0x08006376                matherr
 *fill*         0x0800637a        0x6 
 .text.nan      0x08006380       0x10 c:/program files (x86)/atollic/truestudio for stm32 9.0.0/armtools/bin/../lib/gcc/arm-atollic-eabi/6.3.1/../../../../arm-atollic-eabi/lib/armv7e-m/fpu\libm.a(lib_a-s_nan.o)
                0x08006380                nan
 .text.__ieee754_logf
                0x08006390      0x1e4 c:/program files (x86)/atollic/truestudio for stm32 9.0.0/armtools/bin/../lib/gcc/arm-atollic-eabi/6.3.1/../../../../arm-atollic-eabi/lib/armv7e-m/fpu\libm.a(lib_a-ef_log.o)
                0x08006390                __ieee754_logf
 .text.__errno  0x08006574        0xc c:/program files (x86)/atollic/truestudio for stm32 9.0.0/armtools/bin/../lib/gcc/arm-atollic-eabi/6.3.1/../../../../arm-atollic-eabi/lib/armv7e-m/fpu\libc_nano.a(lib_a-errno.o)
                0x08006574                __errno
 .text.__libc_init_array
                0x08006580       0x48 c:/program files (x86)/atollic/truestudio for stm32 9.0.0/armtools/bin/../lib/gcc/arm-atollic-eabi/6.3.1/../../../../arm-atollic-eabi/lib/armv7e-m/fpu\libc_nano.a(lib_a-init.o)
                0x08006580                __libc_init_array
 .text.__cvt    0x080065c8       0xc2 c:/program files (x86)/atollic/truestudio for stm32 9.0.0/armtools/bin/../lib/gcc/arm-atollic-eabi/6.3.1/../../../../arm-atollic-eabi/lib/armv7e-m/fpu\libc_nano.a(lib_a-nano-vfprintf_float.o)
                0x080065c8                __cvt
 .text.__exponent
                0x0800668a       0x6a c:/program files (x86)/atollic/truestudio for stm32 9.0.0/armtools/bin/../lib/gcc/arm-atollic-eabi/6.3.1/../../../../arm-atollic-eabi/lib/armv7e-m/fpu\libc_nano.a(lib_a-nano-vfprintf_float.o)
                0x0800668a                __exponent
 .text._printf_float
                0x080066f4      0x480 c:/program files (x86)/atollic/truestudio for stm32 9.0.0/armtools/bin/../lib/gcc/arm-atollic-eabi/6.3.1/../../../../arm-atollic-eabi/lib/armv7e-m/fpu\libc_nano.a(lib_a-nano-vfprintf_float.o)
                0x080066f4                _printf_float
 .text._printf_common
                0x08006b74       0xec c:/program files (x86)/atollic/truestudio for stm32 9.0.0/armtools/bin/../lib/gcc/arm-atollic-eabi/6.3.1/../../../../arm-atollic-eabi/lib/armv7e-m/fpu\libc_nano.a(lib_a-nano-vfprintf_i.o)
                0x08006b74                _printf_common
 .text._printf_i
                0x08006c60      0x240 c:/program files (x86)/atollic/truestudio for stm32 9.0.0/armtools/bin/../lib/gcc/arm-atollic-eabi/6.3.1/../../../../arm-atollic-eabi/lib/armv7e-m/fpu\libc_nano.a(lib_a-nano-vfprintf_i.o)
                0x08006c60                _printf_i
 .text.printf   0x08006ea0       0x30 c:/program files (x86)/atollic/truestudio for stm32 9.0.0/armtools/bin/../lib/gcc/arm-atollic-eabi/6.3.1/../../../../arm-atollic-eabi/lib/armv7e-m/fpu\libc_nano.a(lib_a-printf.o)
                0x08006ea0                iprintf
                0x08006ea0                printf
 .text._puts_r  0x08006ed0       0xb8 c:/program files (x86)/atollic/truestudio for stm32 9.0.0/armtools/bin/../lib/gcc/arm-atollic-eabi/6.3.1/../../../../arm-atollic-eabi/lib/armv7e-m/fpu\libc_nano.a(lib_a-puts.o)
                0x08006ed0                _puts_r
 .text.puts     0x08006f88       0x10 c:/program files (x86)/atollic/truestudio for stm32 9.0.0/armtools/bin/../lib/gcc/arm-atollic-eabi/6.3.1/../../../../arm-atollic-eabi/lib/armv7e-m/fpu\libc_nano.a(lib_a-puts.o)
                0x08006f88                puts
 .text.__swbuf_r
                0x08006f98       0xa4 c:/program files (x86)/atollic/truestudio for stm32 9.0.0/armtools/bin/../lib/gcc/arm-atollic-eabi/6.3.1/../../../../arm-atollic-eabi/lib/armv7e-m/fpu\libc_nano.a(lib_a-wbuf.o)
                0x08006f98                __swbuf_r
 .text.__swsetup_r
                0x0800703c       0xdc c:/program files (x86)/atollic/truestudio for stm32 9.0.0/armtools/bin/../lib/gcc/arm-atollic-eabi/6.3.1/../../../../arm-atollic-eabi/lib/armv7e-m/fpu\libc_nano.a(lib_a-wsetup.o)
                0x0800703c                __swsetup_r
 .text.quorem   0x08007118      0x118 c:/program files (x86)/atollic/truestudio for stm32 9.0.0/armtools/bin/../lib/gcc/arm-atollic-eabi/6.3.1/../../../../arm-atollic-eabi/lib/armv7e-m/fpu\libc_nano.a(lib_a-dtoa.o)
 .text._dtoa_r  0x08007230      0xb9c c:/program files (x86)/atollic/truestudio for stm32 9.0.0/armtools/bin/../lib/gcc/arm-atollic-eabi/6.3.1/../../../../arm-atollic-eabi/lib/armv7e-m/fpu\libc_nano.a(lib_a-dtoa.o)
                0x08007230                _dtoa_r
 .text.__sflush_r
                0x08007dcc      0x110 c:/program files (x86)/atollic/truestudio for stm32 9.0.0/armtools/bin/../lib/gcc/arm-atollic-eabi/6.3.1/../../../../arm-atollic-eabi/lib/armv7e-m/fpu\libc_nano.a(lib_a-fflush.o)
                0x08007dcc                __sflush_r
 .text._fflush_r
                0x08007edc       0x54 c:/program files (x86)/atollic/truestudio for stm32 9.0.0/armtools/bin/../lib/gcc/arm-atollic-eabi/6.3.1/../../../../arm-atollic-eabi/lib/armv7e-m/fpu\libc_nano.a(lib_a-fflush.o)
                0x08007edc                _fflush_r
 .text._cleanup_r
                0x08007f30        0xc c:/program files (x86)/atollic/truestudio for stm32 9.0.0/armtools/bin/../lib/gcc/arm-atollic-eabi/6.3.1/../../../../arm-atollic-eabi/lib/armv7e-m/fpu\libc_nano.a(lib_a-findfp.o)
                0x08007f30                _cleanup_r
 .text.std.isra.0
                0x08007f3c       0x48 c:/program files (x86)/atollic/truestudio for stm32 9.0.0/armtools/bin/../lib/gcc/arm-atollic-eabi/6.3.1/../../../../arm-atollic-eabi/lib/armv7e-m/fpu\libc_nano.a(lib_a-findfp.o)
 .text.__sfmoreglue
                0x08007f84       0x2c c:/program files (x86)/atollic/truestudio for stm32 9.0.0/armtools/bin/../lib/gcc/arm-atollic-eabi/6.3.1/../../../../arm-atollic-eabi/lib/armv7e-m/fpu\libc_nano.a(lib_a-findfp.o)
                0x08007f84                __sfmoreglue
 .text.__sinit  0x08007fb0       0x60 c:/program files (x86)/atollic/truestudio for stm32 9.0.0/armtools/bin/../lib/gcc/arm-atollic-eabi/6.3.1/../../../../arm-atollic-eabi/lib/armv7e-m/fpu\libc_nano.a(lib_a-findfp.o)
                0x08007fb0                __sinit
 .text.__sfp    0x08008010       0x78 c:/program files (x86)/atollic/truestudio for stm32 9.0.0/armtools/bin/../lib/gcc/arm-atollic-eabi/6.3.1/../../../../arm-atollic-eabi/lib/armv7e-m/fpu\libc_nano.a(lib_a-findfp.o)
                0x08008010                __sfp
 .text._fwalk_reent
                0x08008088       0x3c c:/program files (x86)/atollic/truestudio for stm32 9.0.0/armtools/bin/../lib/gcc/arm-atollic-eabi/6.3.1/../../../../arm-atollic-eabi/lib/armv7e-m/fpu\libc_nano.a(lib_a-fwalk.o)
                0x08008088                _fwalk_reent
 .text._localeconv_r
                0x080080c4       0x1c c:/program files (x86)/atollic/truestudio for stm32 9.0.0/armtools/bin/../lib/gcc/arm-atollic-eabi/6.3.1/../../../../arm-atollic-eabi/lib/armv7e-m/fpu\libc_nano.a(lib_a-localeconv.o)
                0x080080c4                _localeconv_r
 .text.__swhatbuf_r
                0x080080e0       0x48 c:/program files (x86)/atollic/truestudio for stm32 9.0.0/armtools/bin/../lib/gcc/arm-atollic-eabi/6.3.1/../../../../arm-atollic-eabi/lib/armv7e-m/fpu\libc_nano.a(lib_a-makebuf.o)
                0x080080e0                __swhatbuf_r
 .text.__smakebuf_r
                0x08008128       0x80 c:/program files (x86)/atollic/truestudio for stm32 9.0.0/armtools/bin/../lib/gcc/arm-atollic-eabi/6.3.1/../../../../arm-atollic-eabi/lib/armv7e-m/fpu\libc_nano.a(lib_a-makebuf.o)
                0x08008128                __smakebuf_r
 .text.malloc   0x080081a8       0x10 c:/program files (x86)/atollic/truestudio for stm32 9.0.0/armtools/bin/../lib/gcc/arm-atollic-eabi/6.3.1/../../../../arm-atollic-eabi/lib/armv7e-m/fpu\libc_nano.a(lib_a-malloc.o)
                0x080081a8                malloc
 .text.memcpy   0x080081b8       0x16 c:/program files (x86)/atollic/truestudio for stm32 9.0.0/armtools/bin/../lib/gcc/arm-atollic-eabi/6.3.1/../../../../arm-atollic-eabi/lib/armv7e-m/fpu\libc_nano.a(lib_a-memcpy-stub.o)
                0x080081b8                memcpy
 .text.memset   0x080081ce       0x10 c:/program files (x86)/atollic/truestudio for stm32 9.0.0/armtools/bin/../lib/gcc/arm-atollic-eabi/6.3.1/../../../../arm-atollic-eabi/lib/armv7e-m/fpu\libc_nano.a(lib_a-memset.o)
                0x080081ce                memset
 .text._Balloc  0x080081de       0x68 c:/program files (x86)/atollic/truestudio for stm32 9.0.0/armtools/bin/../lib/gcc/arm-atollic-eabi/6.3.1/../../../../arm-atollic-eabi/lib/armv7e-m/fpu\libc_nano.a(lib_a-mprec.o)
                0x080081de                _Balloc
 .text._Bfree   0x08008246       0x2e c:/program files (x86)/atollic/truestudio for stm32 9.0.0/armtools/bin/../lib/gcc/arm-atollic-eabi/6.3.1/../../../../arm-atollic-eabi/lib/armv7e-m/fpu\libc_nano.a(lib_a-mprec.o)
                0x08008246                _Bfree
 .text.__multadd
                0x08008274       0x76 c:/program files (x86)/atollic/truestudio for stm32 9.0.0/armtools/bin/../lib/gcc/arm-atollic-eabi/6.3.1/../../../../arm-atollic-eabi/lib/armv7e-m/fpu\libc_nano.a(lib_a-mprec.o)
                0x08008274                __multadd
 .text.__hi0bits
                0x080082ea       0x3e c:/program files (x86)/atollic/truestudio for stm32 9.0.0/armtools/bin/../lib/gcc/arm-atollic-eabi/6.3.1/../../../../arm-atollic-eabi/lib/armv7e-m/fpu\libc_nano.a(lib_a-mprec.o)
                0x080082ea                __hi0bits
 .text.__lo0bits
                0x08008328       0x5e c:/program files (x86)/atollic/truestudio for stm32 9.0.0/armtools/bin/../lib/gcc/arm-atollic-eabi/6.3.1/../../../../arm-atollic-eabi/lib/armv7e-m/fpu\libc_nano.a(lib_a-mprec.o)
                0x08008328                __lo0bits
 .text.__i2b    0x08008386       0x12 c:/program files (x86)/atollic/truestudio for stm32 9.0.0/armtools/bin/../lib/gcc/arm-atollic-eabi/6.3.1/../../../../arm-atollic-eabi/lib/armv7e-m/fpu\libc_nano.a(lib_a-mprec.o)
                0x08008386                __i2b
 .text.__multiply
                0x08008398      0x11a c:/program files (x86)/atollic/truestudio for stm32 9.0.0/armtools/bin/../lib/gcc/arm-atollic-eabi/6.3.1/../../../../arm-atollic-eabi/lib/armv7e-m/fpu\libc_nano.a(lib_a-mprec.o)
                0x08008398                __multiply
 *fill*         0x080084b2        0x2 
 .text.__pow5mult
                0x080084b4       0x9c c:/program files (x86)/atollic/truestudio for stm32 9.0.0/armtools/bin/../lib/gcc/arm-atollic-eabi/6.3.1/../../../../arm-atollic-eabi/lib/armv7e-m/fpu\libc_nano.a(lib_a-mprec.o)
                0x080084b4                __pow5mult
 .text.__lshift
                0x08008550       0xa2 c:/program files (x86)/atollic/truestudio for stm32 9.0.0/armtools/bin/../lib/gcc/arm-atollic-eabi/6.3.1/../../../../arm-atollic-eabi/lib/armv7e-m/fpu\libc_nano.a(lib_a-mprec.o)
                0x08008550                __lshift
 .text.__mcmp   0x080085f2       0x34 c:/program files (x86)/atollic/truestudio for stm32 9.0.0/armtools/bin/../lib/gcc/arm-atollic-eabi/6.3.1/../../../../arm-atollic-eabi/lib/armv7e-m/fpu\libc_nano.a(lib_a-mprec.o)
                0x080085f2                __mcmp
 .text.__mdiff  0x08008626       0xbc c:/program files (x86)/atollic/truestudio for stm32 9.0.0/armtools/bin/../lib/gcc/arm-atollic-eabi/6.3.1/../../../../arm-atollic-eabi/lib/armv7e-m/fpu\libc_nano.a(lib_a-mprec.o)
                0x08008626                __mdiff
 .text.__d2b    0x080086e2       0x9e c:/program files (x86)/atollic/truestudio for stm32 9.0.0/armtools/bin/../lib/gcc/arm-atollic-eabi/6.3.1/../../../../arm-atollic-eabi/lib/armv7e-m/fpu\libc_nano.a(lib_a-mprec.o)
                0x080086e2                __d2b
 .text._calloc_r
                0x08008780       0x1c c:/program files (x86)/atollic/truestudio for stm32 9.0.0/armtools/bin/../lib/gcc/arm-atollic-eabi/6.3.1/../../../../arm-atollic-eabi/lib/armv7e-m/fpu\libc_nano.a(lib_a-nano-callocr.o)
                0x08008780                _calloc_r
 .text._free_r  0x0800879c       0x9c c:/program files (x86)/atollic/truestudio for stm32 9.0.0/armtools/bin/../lib/gcc/arm-atollic-eabi/6.3.1/../../../../arm-atollic-eabi/lib/armv7e-m/fpu\libc_nano.a(lib_a-nano-freer.o)
                0x0800879c                _free_r
 .text._malloc_r
                0x08008838       0xbc c:/program files (x86)/atollic/truestudio for stm32 9.0.0/armtools/bin/../lib/gcc/arm-atollic-eabi/6.3.1/../../../../arm-atollic-eabi/lib/armv7e-m/fpu\libc_nano.a(lib_a-nano-mallocr.o)
                0x08008838                _malloc_r
 .text.__sfputc_r
                0x080088f4       0x30 c:/program files (x86)/atollic/truestudio for stm32 9.0.0/armtools/bin/../lib/gcc/arm-atollic-eabi/6.3.1/../../../../arm-atollic-eabi/lib/armv7e-m/fpu\libc_nano.a(lib_a-nano-vfprintf.o)
 .text.__sfputs_r
                0x08008924       0x24 c:/program files (x86)/atollic/truestudio for stm32 9.0.0/armtools/bin/../lib/gcc/arm-atollic-eabi/6.3.1/../../../../arm-atollic-eabi/lib/armv7e-m/fpu\libc_nano.a(lib_a-nano-vfprintf.o)
                0x08008924                __sfputs_r
 .text._vfprintf_r
                0x08008948      0x22c c:/program files (x86)/atollic/truestudio for stm32 9.0.0/armtools/bin/../lib/gcc/arm-atollic-eabi/6.3.1/../../../../arm-atollic-eabi/lib/armv7e-m/fpu\libc_nano.a(lib_a-nano-vfprintf.o)
                0x08008948                _vfprintf_r
                0x08008948                _vfiprintf_r
 .text._sbrk_r  0x08008b74       0x20 c:/program files (x86)/atollic/truestudio for stm32 9.0.0/armtools/bin/../lib/gcc/arm-atollic-eabi/6.3.1/../../../../arm-atollic-eabi/lib/armv7e-m/fpu\libc_nano.a(lib_a-sbrkr.o)
                0x08008b74                _sbrk_r
 .text.__sread  0x08008b94       0x22 c:/program files (x86)/atollic/truestudio for stm32 9.0.0/armtools/bin/../lib/gcc/arm-atollic-eabi/6.3.1/../../../../arm-atollic-eabi/lib/armv7e-m/fpu\libc_nano.a(lib_a-stdio.o)
                0x08008b94                __sread
 .text.__swrite
                0x08008bb6       0x38 c:/program files (x86)/atollic/truestudio for stm32 9.0.0/armtools/bin/../lib/gcc/arm-atollic-eabi/6.3.1/../../../../arm-atollic-eabi/lib/armv7e-m/fpu\libc_nano.a(lib_a-stdio.o)
                0x08008bb6                __swrite
 .text.__sseek  0x08008bee       0x24 c:/program files (x86)/atollic/truestudio for stm32 9.0.0/armtools/bin/../lib/gcc/arm-atollic-eabi/6.3.1/../../../../arm-atollic-eabi/lib/armv7e-m/fpu\libc_nano.a(lib_a-stdio.o)
                0x08008bee                __sseek
 .text.__sclose
                0x08008c12        0x8 c:/program files (x86)/atollic/truestudio for stm32 9.0.0/armtools/bin/../lib/gcc/arm-atollic-eabi/6.3.1/../../../../arm-atollic-eabi/lib/armv7e-m/fpu\libc_nano.a(lib_a-stdio.o)
                0x08008c12                __sclose
 *fill*         0x08008c1a        0x2 
 .text._write_r
                0x08008c1c       0x24 c:/program files (x86)/atollic/truestudio for stm32 9.0.0/armtools/bin/../lib/gcc/arm-atollic-eabi/6.3.1/../../../../arm-atollic-eabi/lib/armv7e-m/fpu\libc_nano.a(lib_a-writer.o)
                0x08008c1c                _write_r
 .text._close_r
                0x08008c40       0x20 c:/program files (x86)/atollic/truestudio for stm32 9.0.0/armtools/bin/../lib/gcc/arm-atollic-eabi/6.3.1/../../../../arm-atollic-eabi/lib/armv7e-m/fpu\libc_nano.a(lib_a-closer.o)
                0x08008c40                _close_r
 .text._fstat_r
                0x08008c60       0x24 c:/program files (x86)/atollic/truestudio for stm32 9.0.0/armtools/bin/../lib/gcc/arm-atollic-eabi/6.3.1/../../../../arm-atollic-eabi/lib/armv7e-m/fpu\libc_nano.a(lib_a-fstatr.o)
                0x08008c60                _fstat_r
 .text._isatty_r
                0x08008c84       0x20 c:/program files (x86)/atollic/truestudio for stm32 9.0.0/armtools/bin/../lib/gcc/arm-atollic-eabi/6.3.1/../../../../arm-atollic-eabi/lib/armv7e-m/fpu\libc_nano.a(lib_a-isattyr.o)
                0x08008c84                _isatty_r
 .text._lseek_r
                0x08008ca4       0x24 c:/program files (x86)/atollic/truestudio for stm32 9.0.0/armtools/bin/../lib/gcc/arm-atollic-eabi/6.3.1/../../../../arm-atollic-eabi/lib/armv7e-m/fpu\libc_nano.a(lib_a-lseekr.o)
                0x08008ca4                _lseek_r
 .text.__ascii_mbtowc
                0x08008cc8       0x24 c:/program files (x86)/atollic/truestudio for stm32 9.0.0/armtools/bin/../lib/gcc/arm-atollic-eabi/6.3.1/../../../../arm-atollic-eabi/lib/armv7e-m/fpu\libc_nano.a(lib_a-mbtowc_r.o)
                0x08008cc8                __ascii_mbtowc
 .text.__malloc_lock
                0x08008cec        0x2 c:/program files (x86)/atollic/truestudio for stm32 9.0.0/armtools/bin/../lib/gcc/arm-atollic-eabi/6.3.1/../../../../arm-atollic-eabi/lib/armv7e-m/fpu\libc_nano.a(lib_a-mlock.o)
                0x08008cec                __malloc_lock
 .text.__malloc_unlock
                0x08008cee        0x2 c:/program files (x86)/atollic/truestudio for stm32 9.0.0/armtools/bin/../lib/gcc/arm-atollic-eabi/6.3.1/../../../../arm-atollic-eabi/lib/armv7e-m/fpu\libc_nano.a(lib_a-mlock.o)
                0x08008cee                __malloc_unlock
 .text._read_r  0x08008cf0       0x24 c:/program files (x86)/atollic/truestudio for stm32 9.0.0/armtools/bin/../lib/gcc/arm-atollic-eabi/6.3.1/../../../../arm-atollic-eabi/lib/armv7e-m/fpu\libc_nano.a(lib_a-readr.o)
                0x08008cf0                _read_r
 .text.__ascii_wctomb
                0x08008d14       0x1a c:/program files (x86)/atollic/truestudio for stm32 9.0.0/armtools/bin/../lib/gcc/arm-atollic-eabi/6.3.1/../../../../arm-atollic-eabi/lib/armv7e-m/fpu\libc_nano.a(lib_a-wctomb_r.o)
                0x08008d14                __ascii_wctomb
 *fill*         0x08008d2e        0x2 
 .text._close   0x08008d30       0x10 c:/program files (x86)/atollic/truestudio for stm32 9.0.0/armtools/bin/../lib/gcc/arm-atollic-eabi/6.3.1/../../../../arm-atollic-eabi/lib/armv7e-m/fpu\libnosys.a(close.o)
                0x08008d30                _close
 .text._fstat   0x08008d40       0x10 c:/program files (x86)/atollic/truestudio for stm32 9.0.0/armtools/bin/../lib/gcc/arm-atollic-eabi/6.3.1/../../../../arm-atollic-eabi/lib/armv7e-m/fpu\libnosys.a(fstat.o)
                0x08008d40                _fstat
 .text._isatty  0x08008d50       0x10 c:/program files (x86)/atollic/truestudio for stm32 9.0.0/armtools/bin/../lib/gcc/arm-atollic-eabi/6.3.1/../../../../arm-atollic-eabi/lib/armv7e-m/fpu\libnosys.a(isatty.o)
                0x08008d50                _isatty
 .text._lseek   0x08008d60       0x10 c:/program files (x86)/atollic/truestudio for stm32 9.0.0/armtools/bin/../lib/gcc/arm-atollic-eabi/6.3.1/../../../../arm-atollic-eabi/lib/armv7e-m/fpu\libnosys.a(lseek.o)
                0x08008d60                _lseek
 .text._read    0x08008d70       0x10 c:/program files (x86)/atollic/truestudio for stm32 9.0.0/armtools/bin/../lib/gcc/arm-atollic-eabi/6.3.1/../../../../arm-atollic-eabi/lib/armv7e-m/fpu\libnosys.a(read.o)
                0x08008d70                _read
 .text._sbrk    0x08008d80       0x1c c:/program files (x86)/atollic/truestudio for stm32 9.0.0/armtools/bin/../lib/gcc/arm-atollic-eabi/6.3.1/../../../../arm-atollic-eabi/lib/armv7e-m/fpu\libnosys.a(sbrk.o)
                0x08008d80                _sbrk
 *(.glue_7)
 .glue_7        0x08008d9c        0x0 linker stubs
 *(.glue_7t)
 .glue_7t       0x08008d9c        0x0 linker stubs
 *(.eh_frame)
 .eh_frame      0x08008d9c        0x0 c:/program files (x86)/atollic/truestudio for stm32 9.0.0/armtools/bin/../lib/gcc/arm-atollic-eabi/6.3.1/armv7e-m/fpu/crtbegin.o
 *(.init)
 .init          0x08008d9c        0x4 c:/program files (x86)/atollic/truestudio for stm32 9.0.0/armtools/bin/../lib/gcc/arm-atollic-eabi/6.3.1/armv7e-m/fpu/crti.o
                0x08008d9c                _init
 .init          0x08008da0        0x8 c:/program files (x86)/atollic/truestudio for stm32 9.0.0/armtools/bin/../lib/gcc/arm-atollic-eabi/6.3.1/armv7e-m/fpu/crtn.o
 *(.fini)
 .fini          0x08008da8        0x4 c:/program files (x86)/atollic/truestudio for stm32 9.0.0/armtools/bin/../lib/gcc/arm-atollic-eabi/6.3.1/armv7e-m/fpu/crti.o
                0x08008da8                _fini
 .fini          0x08008dac        0x8 c:/program files (x86)/atollic/truestudio for stm32 9.0.0/armtools/bin/../lib/gcc/arm-atollic-eabi/6.3.1/armv7e-m/fpu/crtn.o
                0x08008db8                . = ALIGN (0x8)
 *fill*         0x08008db4        0x4 
                0x08008db8                _etext = .

.vfp11_veneer   0x08008db8        0x0
 .vfp11_veneer  0x08008db8        0x0 linker stubs

.v4_bx          0x08008db8        0x0
 .v4_bx         0x08008db8        0x0 linker stubs

.iplt           0x08008db8        0x0
 .iplt          0x08008db8        0x0 c:/program files (x86)/atollic/truestudio for stm32 9.0.0/armtools/bin/../lib/gcc/arm-atollic-eabi/6.3.1/armv7e-m/fpu/crtbegin.o

.rodata         0x08008db8    0x14028
                0x08008db8                . = ALIGN (0x8)
 *(.rodata)
 .rodata        0x08008db8        0xf Src\dfsdm.o
 *fill*         0x08008dc7        0x1 
 .rodata        0x08008dc8       0x91 Src\main.o
 *fill*         0x08008e59        0x3 
 .rodata        0x08008e5c        0xf Src\usart.o
 *(.rodata*)
 *fill*         0x08008e6b        0x1 
 .rodata.AHBPrescTable
                0x08008e6c       0x10 Src\system_stm32l4xx.o
                0x08008e6c                AHBPrescTable
 .rodata.APBPrescTable
                0x08008e7c        0x8 Src\system_stm32l4xx.o
                0x08008e7c                APBPrescTable
 .rodata.MSIRangeTable
                0x08008e84       0x30 Src\system_stm32l4xx.o
                0x08008e84                MSIRangeTable
 .rodata.twiddleCoef_2048
                0x08008eb4     0x4000 C:/Users/shiny/Documents/GitHub/NUCLEO-L476RG_DFSDM_PDM-Mic/Drivers/CMSIS/Lib/GCC\libarm_cortexM4lf_math.a(arm_common_tables.o)
                0x08008eb4                twiddleCoef_2048
 .rodata.twiddleCoef_rfft_64
                0x0800ceb4      0x100 C:/Users/shiny/Documents/GitHub/NUCLEO-L476RG_DFSDM_PDM-Mic/Drivers/CMSIS/Lib/GCC\libarm_cortexM4lf_math.a(arm_common_tables.o)
                0x0800ceb4                twiddleCoef_rfft_64
 .rodata.armBitRevIndexTable64
                0x0800cfb4       0x70 C:/Users/shiny/Documents/GitHub/NUCLEO-L476RG_DFSDM_PDM-Mic/Drivers/CMSIS/Lib/GCC\libarm_cortexM4lf_math.a(arm_common_tables.o)
                0x0800cfb4                armBitRevIndexTable64
 .rodata.twiddleCoef_rfft_2048
                0x0800d024     0x2000 C:/Users/shiny/Documents/GitHub/NUCLEO-L476RG_DFSDM_PDM-Mic/Drivers/CMSIS/Lib/GCC\libarm_cortexM4lf_math.a(arm_common_tables.o)
                0x0800d024                twiddleCoef_rfft_2048
 .rodata.twiddleCoef_rfft_4096
                0x0800f024     0x4000 C:/Users/shiny/Documents/GitHub/NUCLEO-L476RG_DFSDM_PDM-Mic/Drivers/CMSIS/Lib/GCC\libarm_cortexM4lf_math.a(arm_common_tables.o)
                0x0800f024                twiddleCoef_rfft_4096
 .rodata.twiddleCoef_256
                0x08013024      0x800 C:/Users/shiny/Documents/GitHub/NUCLEO-L476RG_DFSDM_PDM-Mic/Drivers/CMSIS/Lib/GCC\libarm_cortexM4lf_math.a(arm_common_tables.o)
                0x08013024                twiddleCoef_256
 .rodata.twiddleCoef_16
                0x08013824       0x80 C:/Users/shiny/Documents/GitHub/NUCLEO-L476RG_DFSDM_PDM-Mic/Drivers/CMSIS/Lib/GCC\libarm_cortexM4lf_math.a(arm_common_tables.o)
                0x08013824                twiddleCoef_16
 .rodata.twiddleCoef_1024
                0x080138a4     0x2000 C:/Users/shiny/Documents/GitHub/NUCLEO-L476RG_DFSDM_PDM-Mic/Drivers/CMSIS/Lib/GCC\libarm_cortexM4lf_math.a(arm_common_tables.o)
                0x080138a4                twiddleCoef_1024
 .rodata.twiddleCoef_32
                0x080158a4      0x100 C:/Users/shiny/Documents/GitHub/NUCLEO-L476RG_DFSDM_PDM-Mic/Drivers/CMSIS/Lib/GCC\libarm_cortexM4lf_math.a(arm_common_tables.o)
                0x080158a4                twiddleCoef_32
 .rodata.armBitRevIndexTable1024
                0x080159a4      0xe10 C:/Users/shiny/Documents/GitHub/NUCLEO-L476RG_DFSDM_PDM-Mic/Drivers/CMSIS/Lib/GCC\libarm_cortexM4lf_math.a(arm_common_tables.o)
                0x080159a4                armBitRevIndexTable1024
 .rodata.armBitRevIndexTable16
                0x080167b4       0x28 C:/Users/shiny/Documents/GitHub/NUCLEO-L476RG_DFSDM_PDM-Mic/Drivers/CMSIS/Lib/GCC\libarm_cortexM4lf_math.a(arm_common_tables.o)
                0x080167b4                armBitRevIndexTable16
 .rodata.twiddleCoef_rfft_32
                0x080167dc       0x80 C:/Users/shiny/Documents/GitHub/NUCLEO-L476RG_DFSDM_PDM-Mic/Drivers/CMSIS/Lib/GCC\libarm_cortexM4lf_math.a(arm_common_tables.o)
                0x080167dc                twiddleCoef_rfft_32
 .rodata.armBitRevIndexTable32
                0x0801685c       0x60 C:/Users/shiny/Documents/GitHub/NUCLEO-L476RG_DFSDM_PDM-Mic/Drivers/CMSIS/Lib/GCC\libarm_cortexM4lf_math.a(arm_common_tables.o)
                0x0801685c                armBitRevIndexTable32
 .rodata.sinTable_f32
                0x080168bc      0x804 C:/Users/shiny/Documents/GitHub/NUCLEO-L476RG_DFSDM_PDM-Mic/Drivers/CMSIS/Lib/GCC\libarm_cortexM4lf_math.a(arm_common_tables.o)
                0x080168bc                sinTable_f32
 .rodata.twiddleCoef_128
                0x080170c0      0x400 C:/Users/shiny/Documents/GitHub/NUCLEO-L476RG_DFSDM_PDM-Mic/Drivers/CMSIS/Lib/GCC\libarm_cortexM4lf_math.a(arm_common_tables.o)
                0x080170c0                twiddleCoef_128
 .rodata.twiddleCoef_512
                0x080174c0     0x1000 C:/Users/shiny/Documents/GitHub/NUCLEO-L476RG_DFSDM_PDM-Mic/Drivers/CMSIS/Lib/GCC\libarm_cortexM4lf_math.a(arm_common_tables.o)
                0x080174c0                twiddleCoef_512
 .rodata.armBitRevIndexTable2048
                0x080184c0     0x1dc0 C:/Users/shiny/Documents/GitHub/NUCLEO-L476RG_DFSDM_PDM-Mic/Drivers/CMSIS/Lib/GCC\libarm_cortexM4lf_math.a(arm_common_tables.o)
                0x080184c0                armBitRevIndexTable2048
 .rodata.twiddleCoef_64
                0x0801a280      0x200 C:/Users/shiny/Documents/GitHub/NUCLEO-L476RG_DFSDM_PDM-Mic/Drivers/CMSIS/Lib/GCC\libarm_cortexM4lf_math.a(arm_common_tables.o)
                0x0801a280                twiddleCoef_64
 .rodata.twiddleCoef_rfft_512
                0x0801a480      0x800 C:/Users/shiny/Documents/GitHub/NUCLEO-L476RG_DFSDM_PDM-Mic/Drivers/CMSIS/Lib/GCC\libarm_cortexM4lf_math.a(arm_common_tables.o)
                0x0801a480                twiddleCoef_rfft_512
 .rodata.armBitRevIndexTable512
                0x0801ac80      0x380 C:/Users/shiny/Documents/GitHub/NUCLEO-L476RG_DFSDM_PDM-Mic/Drivers/CMSIS/Lib/GCC\libarm_cortexM4lf_math.a(arm_common_tables.o)
                0x0801ac80                armBitRevIndexTable512
 .rodata.twiddleCoef_rfft_1024
                0x0801b000     0x1000 C:/Users/shiny/Documents/GitHub/NUCLEO-L476RG_DFSDM_PDM-Mic/Drivers/CMSIS/Lib/GCC\libarm_cortexM4lf_math.a(arm_common_tables.o)
                0x0801b000                twiddleCoef_rfft_1024
 .rodata.twiddleCoef_rfft_256
                0x0801c000      0x400 C:/Users/shiny/Documents/GitHub/NUCLEO-L476RG_DFSDM_PDM-Mic/Drivers/CMSIS/Lib/GCC\libarm_cortexM4lf_math.a(arm_common_tables.o)
                0x0801c000                twiddleCoef_rfft_256
 .rodata.armBitRevIndexTable256
                0x0801c400      0x370 C:/Users/shiny/Documents/GitHub/NUCLEO-L476RG_DFSDM_PDM-Mic/Drivers/CMSIS/Lib/GCC\libarm_cortexM4lf_math.a(arm_common_tables.o)
                0x0801c400                armBitRevIndexTable256
 .rodata.twiddleCoef_rfft_128
                0x0801c770      0x200 C:/Users/shiny/Documents/GitHub/NUCLEO-L476RG_DFSDM_PDM-Mic/Drivers/CMSIS/Lib/GCC\libarm_cortexM4lf_math.a(arm_common_tables.o)
                0x0801c770                twiddleCoef_rfft_128
 .rodata.armBitRevIndexTable128
                0x0801c970      0x1a0 C:/Users/shiny/Documents/GitHub/NUCLEO-L476RG_DFSDM_PDM-Mic/Drivers/CMSIS/Lib/GCC\libarm_cortexM4lf_math.a(arm_common_tables.o)
                0x0801c970                armBitRevIndexTable128
 .rodata.log10f.str1.1
                0x0801cb10        0x7 c:/program files (x86)/atollic/truestudio for stm32 9.0.0/armtools/bin/../lib/gcc/arm-atollic-eabi/6.3.1/../../../../arm-atollic-eabi/lib/armv7e-m/fpu\libm.a(lib_a-wf_log10.o)
                                  0x8 (size before relaxing)
 .rodata.sqrtf.str1.1
                0x0801cb17        0x6 c:/program files (x86)/atollic/truestudio for stm32 9.0.0/armtools/bin/../lib/gcc/arm-atollic-eabi/6.3.1/../../../../arm-atollic-eabi/lib/armv7e-m/fpu\libm.a(lib_a-wf_sqrt.o)
 *fill*         0x0801cb1d        0x3 
 .rodata._global_impure_ptr
                0x0801cb20        0x4 c:/program files (x86)/atollic/truestudio for stm32 9.0.0/armtools/bin/../lib/gcc/arm-atollic-eabi/6.3.1/../../../../arm-atollic-eabi/lib/armv7e-m/fpu\libc_nano.a(lib_a-impure.o)
                0x0801cb20                _global_impure_ptr
 .rodata._printf_float.str1.1
                0x0801cb24       0x12 c:/program files (x86)/atollic/truestudio for stm32 9.0.0/armtools/bin/../lib/gcc/arm-atollic-eabi/6.3.1/../../../../arm-atollic-eabi/lib/armv7e-m/fpu\libc_nano.a(lib_a-nano-vfprintf_float.o)
 .rodata._printf_i.str1.1
                0x0801cb36       0x22 c:/program files (x86)/atollic/truestudio for stm32 9.0.0/armtools/bin/../lib/gcc/arm-atollic-eabi/6.3.1/../../../../arm-atollic-eabi/lib/armv7e-m/fpu\libc_nano.a(lib_a-nano-vfprintf_i.o)
 .rodata._dtoa_r.str1.1
                0x0801cb58        0xd c:/program files (x86)/atollic/truestudio for stm32 9.0.0/armtools/bin/../lib/gcc/arm-atollic-eabi/6.3.1/../../../../arm-atollic-eabi/lib/armv7e-m/fpu\libc_nano.a(lib_a-dtoa.o)
                                  0xf (size before relaxing)
 *fill*         0x0801cb65        0x3 
 .rodata.__sf_fake_stderr
                0x0801cb68       0x20 c:/program files (x86)/atollic/truestudio for stm32 9.0.0/armtools/bin/../lib/gcc/arm-atollic-eabi/6.3.1/../../../../arm-atollic-eabi/lib/armv7e-m/fpu\libc_nano.a(lib_a-findfp.o)
                0x0801cb68                __sf_fake_stderr
 .rodata.__sf_fake_stdin
                0x0801cb88       0x20 c:/program files (x86)/atollic/truestudio for stm32 9.0.0/armtools/bin/../lib/gcc/arm-atollic-eabi/6.3.1/../../../../arm-atollic-eabi/lib/armv7e-m/fpu\libc_nano.a(lib_a-findfp.o)
                0x0801cb88                __sf_fake_stdin
 .rodata.__sf_fake_stdout
                0x0801cba8       0x20 c:/program files (x86)/atollic/truestudio for stm32 9.0.0/armtools/bin/../lib/gcc/arm-atollic-eabi/6.3.1/../../../../arm-atollic-eabi/lib/armv7e-m/fpu\libc_nano.a(lib_a-findfp.o)
                0x0801cba8                __sf_fake_stdout
 .rodata.__mprec_bigtens
                0x0801cbc8       0x28 c:/program files (x86)/atollic/truestudio for stm32 9.0.0/armtools/bin/../lib/gcc/arm-atollic-eabi/6.3.1/../../../../arm-atollic-eabi/lib/armv7e-m/fpu\libc_nano.a(lib_a-mprec.o)
                0x0801cbc8                __mprec_bigtens
 .rodata.__mprec_tens
                0x0801cbf0       0xc8 c:/program files (x86)/atollic/truestudio for stm32 9.0.0/armtools/bin/../lib/gcc/arm-atollic-eabi/6.3.1/../../../../arm-atollic-eabi/lib/armv7e-m/fpu\libc_nano.a(lib_a-mprec.o)
                0x0801cbf0                __mprec_tens
 .rodata.p05.7175
                0x0801ccb8        0xc c:/program files (x86)/atollic/truestudio for stm32 9.0.0/armtools/bin/../lib/gcc/arm-atollic-eabi/6.3.1/../../../../arm-atollic-eabi/lib/armv7e-m/fpu\libc_nano.a(lib_a-mprec.o)
 .rodata._vfprintf_r.str1.1
                0x0801ccc4       0x11 c:/program files (x86)/atollic/truestudio for stm32 9.0.0/armtools/bin/../lib/gcc/arm-atollic-eabi/6.3.1/../../../../arm-atollic-eabi/lib/armv7e-m/fpu\libc_nano.a(lib_a-nano-vfprintf.o)
 .rodata._setlocale_r.str1.1
                0x0801ccd5        0x8 c:/program files (x86)/atollic/truestudio for stm32 9.0.0/armtools/bin/../lib/gcc/arm-atollic-eabi/6.3.1/../../../../arm-atollic-eabi/lib/armv7e-m/fpu\libc_nano.a(lib_a-locale.o)
                                  0x9 (size before relaxing)
 .rodata.str1.1
                0x0801ccdd        0x2 c:/program files (x86)/atollic/truestudio for stm32 9.0.0/armtools/bin/../lib/gcc/arm-atollic-eabi/6.3.1/../../../../arm-atollic-eabi/lib/armv7e-m/fpu\libc_nano.a(lib_a-locale.o)
 .rodata._ctype_
                0x0801ccdf      0x101 c:/program files (x86)/atollic/truestudio for stm32 9.0.0/armtools/bin/../lib/gcc/arm-atollic-eabi/6.3.1/../../../../arm-atollic-eabi/lib/armv7e-m/fpu\libc_nano.a(lib_a-ctype_.o)
                0x0801ccdf                _ctype_
                0x0801cde0                . = ALIGN (0x8)

.ARM.extab      0x0801cde0        0x0
                0x0801cde0                . = ALIGN (0x8)
 *(.ARM.extab* .gnu.linkonce.armextab.*)
                0x0801cde0                . = ALIGN (0x8)

.ARM            0x0801cde0        0x8
                0x0801cde0                . = ALIGN (0x8)
                0x0801cde0                __exidx_start = .
 *(.ARM.exidx*)
 .ARM.exidx     0x0801cde0        0x8 c:/program files (x86)/atollic/truestudio for stm32 9.0.0/armtools/bin/../lib/gcc/arm-atollic-eabi/6.3.1/armv7e-m/fpu\libgcc.a(_udivmoddi4.o)
                0x0801cde8                __exidx_end = .
                0x0801cde8                . = ALIGN (0x8)

.rel.dyn        0x0801cde8        0x0
 .rel.iplt      0x0801cde8        0x0 c:/program files (x86)/atollic/truestudio for stm32 9.0.0/armtools/bin/../lib/gcc/arm-atollic-eabi/6.3.1/armv7e-m/fpu/crtbegin.o

.preinit_array  0x0801cde8        0x0
                0x0801cde8                . = ALIGN (0x8)
                0x0801cde8                PROVIDE (__preinit_array_start, .)
 *(.preinit_array*)
                0x0801cde8                PROVIDE (__preinit_array_end, .)
                0x0801cde8                . = ALIGN (0x8)

.init_array     0x0801cde8        0x8
                0x0801cde8                . = ALIGN (0x8)
                0x0801cde8                PROVIDE (__init_array_start, .)
 *(SORT(.init_array.*))
 *(.init_array*)
 .init_array    0x0801cde8        0x4 c:/program files (x86)/atollic/truestudio for stm32 9.0.0/armtools/bin/../lib/gcc/arm-atollic-eabi/6.3.1/armv7e-m/fpu/crtbegin.o
                0x0801cdec                PROVIDE (__init_array_end, .)
                0x0801cdf0                . = ALIGN (0x8)
 *fill*         0x0801cdec        0x4 

.fini_array     0x0801cdf0        0x8
                0x0801cdf0                . = ALIGN (0x8)
                [!provide]                PROVIDE (__fini_array_start, .)
 *(SORT(.fini_array.*))
 *(.fini_array*)
 .fini_array    0x0801cdf0        0x4 c:/program files (x86)/atollic/truestudio for stm32 9.0.0/armtools/bin/../lib/gcc/arm-atollic-eabi/6.3.1/armv7e-m/fpu/crtbegin.o
                [!provide]                PROVIDE (__fini_array_end, .)
                0x0801cdf8                . = ALIGN (0x8)
 *fill*         0x0801cdf4        0x4 
                0x0801cdf8                _sidata = LOADADDR (.data)

.data           0x20000000      0x1e0 load address 0x0801cdf8
                0x20000000                . = ALIGN (0x8)
                0x20000000                _sdata = .
 *(.data)
 *(.data*)
 .data.flag     0x20000000        0x1 Src\main.o
                0x20000000                flag
 *fill*         0x20000001        0x3 
 .data.SystemCoreClock
                0x20000004        0x4 Src\system_stm32l4xx.o
                0x20000004                SystemCoreClock
 .data.__fdlib_version
                0x20000008        0x1 c:/program files (x86)/atollic/truestudio for stm32 9.0.0/armtools/bin/../lib/gcc/arm-atollic-eabi/6.3.1/../../../../arm-atollic-eabi/lib/armv7e-m/fpu\libm.a(lib_a-s_lib_ver.o)
                0x20000008                __fdlib_version
 *fill*         0x20000009        0x3 
 .data._impure_ptr
                0x2000000c        0x4 c:/program files (x86)/atollic/truestudio for stm32 9.0.0/armtools/bin/../lib/gcc/arm-atollic-eabi/6.3.1/../../../../arm-atollic-eabi/lib/armv7e-m/fpu\libc_nano.a(lib_a-impure.o)
                0x2000000c                _impure_ptr
 .data.impure_data
                0x20000010       0x60 c:/program files (x86)/atollic/truestudio for stm32 9.0.0/armtools/bin/../lib/gcc/arm-atollic-eabi/6.3.1/../../../../arm-atollic-eabi/lib/armv7e-m/fpu\libc_nano.a(lib_a-impure.o)
 .data.__global_locale
                0x20000070      0x16c c:/program files (x86)/atollic/truestudio for stm32 9.0.0/armtools/bin/../lib/gcc/arm-atollic-eabi/6.3.1/../../../../arm-atollic-eabi/lib/armv7e-m/fpu\libc_nano.a(lib_a-locale.o)
                0x20000070                __global_locale
                0x200001e0                . = ALIGN (0x8)
 *fill*         0x200001dc        0x4 
                0x200001e0                _edata = .

.igot.plt       0x200001e0        0x0 load address 0x0801cfd8
 .igot.plt      0x200001e0        0x0 c:/program files (x86)/atollic/truestudio for stm32 9.0.0/armtools/bin/../lib/gcc/arm-atollic-eabi/6.3.1/armv7e-m/fpu/crtbegin.o
                0x200001e0                . = ALIGN (0x4)

.bss            0x200001e0     0xf1c8 load address 0x0801cfd8
                0x200001e0                _sbss = .
                0x200001e0                __bss_start__ = _sbss
 *(.bss)
 .bss           0x200001e0       0x1c c:/program files (x86)/atollic/truestudio for stm32 9.0.0/armtools/bin/../lib/gcc/arm-atollic-eabi/6.3.1/armv7e-m/fpu/crtbegin.o
 *(.bss*)
 .bss.v_dfsdm1ChannelCounter
                0x200001fc        0x4 Drivers\STM32L4xx_HAL_Driver\Src\stm32l4xx_hal_dfsdm.o
                0x200001fc                v_dfsdm1ChannelCounter
 .bss.a_dfsdm1ChannelHandle
                0x20000200       0x20 Drivers\STM32L4xx_HAL_Driver\Src\stm32l4xx_hal_dfsdm.o
                0x20000200                a_dfsdm1ChannelHandle
 .bss.HAL_RCC_DFSDM1_CLK_ENABLED
                0x20000220        0x4 Src\dfsdm.o
 .bss.DFSDM1_Init
                0x20000224        0x4 Src\dfsdm.o
 .bss.Buff      0x20000228     0x4000 Src\main.o
                0x20000228                Buff
 .bss.FFT_inp_int32
                0x20004228     0x2000 Src\main.o
                0x20004228                FFT_inp_int32
 .bss.FFT_inp   0x20006228     0x2000 Src\main.o
                0x20006228                FFT_inp
 .bss.FFT_oup   0x20008228     0x2000 Src\main.o
                0x20008228                FFT_oup
 .bss.FFT_mag   0x2000a228     0x1000 Src\main.o
                0x2000a228                FFT_mag
 .bss.FFT_dB    0x2000b228     0x1000 Src\main.o
                0x2000b228                FFT_dB
 .bss.FFT_frq   0x2000c228     0x1000 Src\main.o
                0x2000c228                FFT_frq
 .bss.FFT_window
                0x2000d228     0x2000 Src\main.o
                0x2000d228                FFT_window
 .bss.output_result
                0x2000f228        0x1 Src\main.o
                0x2000f228                output_result
 *fill*         0x2000f229        0x3 
 .bss.__malloc_free_list
                0x2000f22c        0x4 c:/program files (x86)/atollic/truestudio for stm32 9.0.0/armtools/bin/../lib/gcc/arm-atollic-eabi/6.3.1/../../../../arm-atollic-eabi/lib/armv7e-m/fpu\libc_nano.a(lib_a-nano-mallocr.o)
                0x2000f22c                __malloc_free_list
 .bss.__malloc_sbrk_start
                0x2000f230        0x4 c:/program files (x86)/atollic/truestudio for stm32 9.0.0/armtools/bin/../lib/gcc/arm-atollic-eabi/6.3.1/../../../../arm-atollic-eabi/lib/armv7e-m/fpu\libc_nano.a(lib_a-nano-mallocr.o)
                0x2000f230                __malloc_sbrk_start
 .bss.heap_end.5239
                0x2000f234        0x4 c:/program files (x86)/atollic/truestudio for stm32 9.0.0/armtools/bin/../lib/gcc/arm-atollic-eabi/6.3.1/../../../../arm-atollic-eabi/lib/armv7e-m/fpu\libnosys.a(sbrk.o)
 *(COMMON)
 COMMON         0x2000f238        0x4 Drivers\STM32L4xx_HAL_Driver\Src\stm32l4xx_hal.o
                0x2000f238                uwTick
 COMMON         0x2000f23c       0xd4 Src\dfsdm.o
                0x2000f23c                hdfsdm1_filter0
                0x2000f290                hdma_dfsdm1_flt0
                0x2000f2d8                hdfsdm1_channel2
 COMMON         0x2000f310       0x1c Src\main.o
                0x2000f310                FFT_SampleRate
                0x2000f314                S
 COMMON         0x2000f32c       0x78 Src\usart.o
                0x2000f32c                huart2
 COMMON         0x2000f3a4        0x4 c:/program files (x86)/atollic/truestudio for stm32 9.0.0/armtools/bin/../lib/gcc/arm-atollic-eabi/6.3.1/../../../../arm-atollic-eabi/lib/armv7e-m/fpu\libc_nano.a(lib_a-reent.o)
                0x2000f3a4                errno
                0x2000f3a8                . = ALIGN (0x4)
                0x2000f3a8                _ebss = .
                0x2000f3a8                __bss_end__ = _ebss

._user_heap_stack
                0x2000f3a8      0x600 load address 0x0801cfd8
                0x2000f3a8                . = ALIGN (0x8)
                0x2000f3a8                PROVIDE (end, .)
                [!provide]                PROVIDE (_end, .)
                0x2000f5a8                . = (. + _Min_Heap_Size)
 *fill*         0x2000f3a8      0x200 
                0x2000f9a8                . = (. + _Min_Stack_Size)
 *fill*         0x2000f5a8      0x400 
                0x2000f9a8                . = ALIGN (0x8)

/DISCARD/
 libc.a(*)
 libm.a(*)
 libgcc.a(*)

.ARM.attributes
                0x00000000       0x30
 *(.ARM.attributes)
 .ARM.attributes
                0x00000000       0x22 c:/program files (x86)/atollic/truestudio for stm32 9.0.0/armtools/bin/../lib/gcc/arm-atollic-eabi/6.3.1/armv7e-m/fpu/crti.o
 .ARM.attributes
                0x00000022       0x34 c:/program files (x86)/atollic/truestudio for stm32 9.0.0/armtools/bin/../lib/gcc/arm-atollic-eabi/6.3.1/armv7e-m/fpu/crtbegin.o
 .ARM.attributes
                0x00000056       0x39 Drivers\STM32L4xx_HAL_Driver\Src\stm32l4xx_hal.o
 .ARM.attributes
                0x0000008f       0x39 Drivers\STM32L4xx_HAL_Driver\Src\stm32l4xx_hal_cortex.o
 .ARM.attributes
                0x000000c8       0x39 Drivers\STM32L4xx_HAL_Driver\Src\stm32l4xx_hal_dfsdm.o
 .ARM.attributes
                0x00000101       0x39 Drivers\STM32L4xx_HAL_Driver\Src\stm32l4xx_hal_dma.o
 .ARM.attributes
                0x0000013a       0x39 Drivers\STM32L4xx_HAL_Driver\Src\stm32l4xx_hal_gpio.o
 .ARM.attributes
                0x00000173       0x39 Drivers\STM32L4xx_HAL_Driver\Src\stm32l4xx_hal_pwr_ex.o
 .ARM.attributes
                0x000001ac       0x39 Drivers\STM32L4xx_HAL_Driver\Src\stm32l4xx_hal_rcc.o
 .ARM.attributes
                0x000001e5       0x39 Drivers\STM32L4xx_HAL_Driver\Src\stm32l4xx_hal_rcc_ex.o
 .ARM.attributes
                0x0000021e       0x39 Drivers\STM32L4xx_HAL_Driver\Src\stm32l4xx_hal_uart.o
 .ARM.attributes
                0x00000257       0x39 Src\dfsdm.o
 .ARM.attributes
                0x00000290       0x39 Src\dma.o
 .ARM.attributes
                0x000002c9       0x39 Src\gpio.o
 .ARM.attributes
                0x00000302       0x39 Src\main.o
 .ARM.attributes
                0x0000033b       0x39 Src\stm32l4xx_hal_msp.o
 .ARM.attributes
                0x00000374       0x39 Src\stm32l4xx_it.o
 .ARM.attributes
                0x000003ad       0x39 Src\system_stm32l4xx.o
 .ARM.attributes
                0x000003e6       0x39 Src\usart.o
 .ARM.attributes
                0x0000041f       0x21 startup\startup_stm32l476xx.o
 .ARM.attributes
                0x00000440       0x39 C:/Users/shiny/Documents/GitHub/NUCLEO-L476RG_DFSDM_PDM-Mic/Drivers/CMSIS/Lib/GCC\libarm_cortexM4lf_math.a(arm_max_f32.o)
 .ARM.attributes
                0x00000479       0x39 C:/Users/shiny/Documents/GitHub/NUCLEO-L476RG_DFSDM_PDM-Mic/Drivers/CMSIS/Lib/GCC\libarm_cortexM4lf_math.a(arm_rfft_fast_init_f32.o)
 .ARM.attributes
                0x000004b2       0x39 C:/Users/shiny/Documents/GitHub/NUCLEO-L476RG_DFSDM_PDM-Mic/Drivers/CMSIS/Lib/GCC\libarm_cortexM4lf_math.a(arm_rfft_fast_f32.o)
 .ARM.attributes
                0x000004eb       0x39 C:/Users/shiny/Documents/GitHub/NUCLEO-L476RG_DFSDM_PDM-Mic/Drivers/CMSIS/Lib/GCC\libarm_cortexM4lf_math.a(arm_cfft_f32.o)
 .ARM.attributes
                0x00000524       0x39 C:/Users/shiny/Documents/GitHub/NUCLEO-L476RG_DFSDM_PDM-Mic/Drivers/CMSIS/Lib/GCC\libarm_cortexM4lf_math.a(arm_cmplx_mag_f32.o)
 .ARM.attributes
                0x0000055d       0x39 C:/Users/shiny/Documents/GitHub/NUCLEO-L476RG_DFSDM_PDM-Mic/Drivers/CMSIS/Lib/GCC\libarm_cortexM4lf_math.a(arm_cos_f32.o)
 .ARM.attributes
                0x00000596       0x39 C:/Users/shiny/Documents/GitHub/NUCLEO-L476RG_DFSDM_PDM-Mic/Drivers/CMSIS/Lib/GCC\libarm_cortexM4lf_math.a(arm_scale_f32.o)
 .ARM.attributes
                0x000005cf       0x39 C:/Users/shiny/Documents/GitHub/NUCLEO-L476RG_DFSDM_PDM-Mic/Drivers/CMSIS/Lib/GCC\libarm_cortexM4lf_math.a(arm_mult_f32.o)
 .ARM.attributes
                0x00000608       0x39 C:/Users/shiny/Documents/GitHub/NUCLEO-L476RG_DFSDM_PDM-Mic/Drivers/CMSIS/Lib/GCC\libarm_cortexM4lf_math.a(arm_common_tables.o)
 .ARM.attributes
                0x00000641       0x25 C:/Users/shiny/Documents/GitHub/NUCLEO-L476RG_DFSDM_PDM-Mic/Drivers/CMSIS/Lib/GCC\libarm_cortexM4lf_math.a(arm_bitreversal2.o)
 .ARM.attributes
                0x00000666       0x39 C:/Users/shiny/Documents/GitHub/NUCLEO-L476RG_DFSDM_PDM-Mic/Drivers/CMSIS/Lib/GCC\libarm_cortexM4lf_math.a(arm_cfft_radix8_f32.o)
 .ARM.attributes
                0x0000069f       0x34 c:/program files (x86)/atollic/truestudio for stm32 9.0.0/armtools/bin/../lib/gcc/arm-atollic-eabi/6.3.1/../../../../arm-atollic-eabi/lib/armv7e-m/fpu\libm.a(lib_a-wf_log10.o)
 .ARM.attributes
                0x000006d3       0x34 c:/program files (x86)/atollic/truestudio for stm32 9.0.0/armtools/bin/../lib/gcc/arm-atollic-eabi/6.3.1/../../../../arm-atollic-eabi/lib/armv7e-m/fpu\libm.a(lib_a-wf_sqrt.o)
 .ARM.attributes
                0x00000707       0x34 c:/program files (x86)/atollic/truestudio for stm32 9.0.0/armtools/bin/../lib/gcc/arm-atollic-eabi/6.3.1/../../../../arm-atollic-eabi/lib/armv7e-m/fpu\libm.a(lib_a-ef_log10.o)
 .ARM.attributes
                0x0000073b       0x34 c:/program files (x86)/atollic/truestudio for stm32 9.0.0/armtools/bin/../lib/gcc/arm-atollic-eabi/6.3.1/../../../../arm-atollic-eabi/lib/armv7e-m/fpu\libm.a(lib_a-ef_sqrt.o)
 .ARM.attributes
                0x0000076f       0x34 c:/program files (x86)/atollic/truestudio for stm32 9.0.0/armtools/bin/../lib/gcc/arm-atollic-eabi/6.3.1/../../../../arm-atollic-eabi/lib/armv7e-m/fpu\libm.a(lib_a-s_lib_ver.o)
 .ARM.attributes
                0x000007a3       0x34 c:/program files (x86)/atollic/truestudio for stm32 9.0.0/armtools/bin/../lib/gcc/arm-atollic-eabi/6.3.1/../../../../arm-atollic-eabi/lib/armv7e-m/fpu\libm.a(lib_a-s_matherr.o)
 .ARM.attributes
                0x000007d7       0x34 c:/program files (x86)/atollic/truestudio for stm32 9.0.0/armtools/bin/../lib/gcc/arm-atollic-eabi/6.3.1/../../../../arm-atollic-eabi/lib/armv7e-m/fpu\libm.a(lib_a-s_nan.o)
 .ARM.attributes
                0x0000080b       0x34 c:/program files (x86)/atollic/truestudio for stm32 9.0.0/armtools/bin/../lib/gcc/arm-atollic-eabi/6.3.1/../../../../arm-atollic-eabi/lib/armv7e-m/fpu\libm.a(lib_a-ef_log.o)
 .ARM.attributes
                0x0000083f       0x34 c:/program files (x86)/atollic/truestudio for stm32 9.0.0/armtools/bin/../lib/gcc/arm-atollic-eabi/6.3.1/../../../../arm-atollic-eabi/lib/armv7e-m/fpu\libc_nano.a(lib_a-errno.o)
 .ARM.attributes
                0x00000873       0x34 c:/program files (x86)/atollic/truestudio for stm32 9.0.0/armtools/bin/../lib/gcc/arm-atollic-eabi/6.3.1/../../../../arm-atollic-eabi/lib/armv7e-m/fpu\libc_nano.a(lib_a-impure.o)
 .ARM.attributes
                0x000008a7       0x34 c:/program files (x86)/atollic/truestudio for stm32 9.0.0/armtools/bin/../lib/gcc/arm-atollic-eabi/6.3.1/../../../../arm-atollic-eabi/lib/armv7e-m/fpu\libc_nano.a(lib_a-init.o)
 .ARM.attributes
                0x000008db       0x34 c:/program files (x86)/atollic/truestudio for stm32 9.0.0/armtools/bin/../lib/gcc/arm-atollic-eabi/6.3.1/../../../../arm-atollic-eabi/lib/armv7e-m/fpu\libc_nano.a(lib_a-nano-vfprintf_float.o)
 .ARM.attributes
                0x0000090f       0x34 c:/program files (x86)/atollic/truestudio for stm32 9.0.0/armtools/bin/../lib/gcc/arm-atollic-eabi/6.3.1/../../../../arm-atollic-eabi/lib/armv7e-m/fpu\libc_nano.a(lib_a-nano-vfprintf_i.o)
 .ARM.attributes
                0x00000943       0x34 c:/program files (x86)/atollic/truestudio for stm32 9.0.0/armtools/bin/../lib/gcc/arm-atollic-eabi/6.3.1/../../../../arm-atollic-eabi/lib/armv7e-m/fpu\libc_nano.a(lib_a-printf.o)
 .ARM.attributes
                0x00000977       0x34 c:/program files (x86)/atollic/truestudio for stm32 9.0.0/armtools/bin/../lib/gcc/arm-atollic-eabi/6.3.1/../../../../arm-atollic-eabi/lib/armv7e-m/fpu\libc_nano.a(lib_a-puts.o)
 .ARM.attributes
                0x000009ab       0x1b c:/program files (x86)/atollic/truestudio for stm32 9.0.0/armtools/bin/../lib/gcc/arm-atollic-eabi/6.3.1/../../../../arm-atollic-eabi/lib/armv7e-m/fpu\libc_nano.a(lib_a-strlen.o)
 .ARM.attributes
                0x000009c6       0x34 c:/program files (x86)/atollic/truestudio for stm32 9.0.0/armtools/bin/../lib/gcc/arm-atollic-eabi/6.3.1/../../../../arm-atollic-eabi/lib/armv7e-m/fpu\libc_nano.a(lib_a-wbuf.o)
 .ARM.attributes
                0x000009fa       0x34 c:/program files (x86)/atollic/truestudio for stm32 9.0.0/armtools/bin/../lib/gcc/arm-atollic-eabi/6.3.1/../../../../arm-atollic-eabi/lib/armv7e-m/fpu\libc_nano.a(lib_a-wsetup.o)
 .ARM.attributes
                0x00000a2e       0x34 c:/program files (x86)/atollic/truestudio for stm32 9.0.0/armtools/bin/../lib/gcc/arm-atollic-eabi/6.3.1/../../../../arm-atollic-eabi/lib/armv7e-m/fpu\libc_nano.a(lib_a-dtoa.o)
 .ARM.attributes
                0x00000a62       0x34 c:/program files (x86)/atollic/truestudio for stm32 9.0.0/armtools/bin/../lib/gcc/arm-atollic-eabi/6.3.1/../../../../arm-atollic-eabi/lib/armv7e-m/fpu\libc_nano.a(lib_a-fflush.o)
 .ARM.attributes
                0x00000a96       0x34 c:/program files (x86)/atollic/truestudio for stm32 9.0.0/armtools/bin/../lib/gcc/arm-atollic-eabi/6.3.1/../../../../arm-atollic-eabi/lib/armv7e-m/fpu\libc_nano.a(lib_a-findfp.o)
 .ARM.attributes
                0x00000aca       0x34 c:/program files (x86)/atollic/truestudio for stm32 9.0.0/armtools/bin/../lib/gcc/arm-atollic-eabi/6.3.1/../../../../arm-atollic-eabi/lib/armv7e-m/fpu\libc_nano.a(lib_a-fwalk.o)
 .ARM.attributes
                0x00000afe       0x34 c:/program files (x86)/atollic/truestudio for stm32 9.0.0/armtools/bin/../lib/gcc/arm-atollic-eabi/6.3.1/../../../../arm-atollic-eabi/lib/armv7e-m/fpu\libc_nano.a(lib_a-localeconv.o)
 .ARM.attributes
                0x00000b32       0x34 c:/program files (x86)/atollic/truestudio for stm32 9.0.0/armtools/bin/../lib/gcc/arm-atollic-eabi/6.3.1/../../../../arm-atollic-eabi/lib/armv7e-m/fpu\libc_nano.a(lib_a-makebuf.o)
 .ARM.attributes
                0x00000b66       0x34 c:/program files (x86)/atollic/truestudio for stm32 9.0.0/armtools/bin/../lib/gcc/arm-atollic-eabi/6.3.1/../../../../arm-atollic-eabi/lib/armv7e-m/fpu\libc_nano.a(lib_a-malloc.o)
 .ARM.attributes
                0x00000b9a       0x20 c:/program files (x86)/atollic/truestudio for stm32 9.0.0/armtools/bin/../lib/gcc/arm-atollic-eabi/6.3.1/../../../../arm-atollic-eabi/lib/armv7e-m/fpu\libc_nano.a(lib_a-memchr.o)
 .ARM.attributes
                0x00000bba       0x34 c:/program files (x86)/atollic/truestudio for stm32 9.0.0/armtools/bin/../lib/gcc/arm-atollic-eabi/6.3.1/../../../../arm-atollic-eabi/lib/armv7e-m/fpu\libc_nano.a(lib_a-memcpy-stub.o)
 .ARM.attributes
                0x00000bee       0x34 c:/program files (x86)/atollic/truestudio for stm32 9.0.0/armtools/bin/../lib/gcc/arm-atollic-eabi/6.3.1/../../../../arm-atollic-eabi/lib/armv7e-m/fpu\libc_nano.a(lib_a-memset.o)
 .ARM.attributes
                0x00000c22       0x34 c:/program files (x86)/atollic/truestudio for stm32 9.0.0/armtools/bin/../lib/gcc/arm-atollic-eabi/6.3.1/../../../../arm-atollic-eabi/lib/armv7e-m/fpu\libc_nano.a(lib_a-mprec.o)
 .ARM.attributes
                0x00000c56       0x34 c:/program files (x86)/atollic/truestudio for stm32 9.0.0/armtools/bin/../lib/gcc/arm-atollic-eabi/6.3.1/../../../../arm-atollic-eabi/lib/armv7e-m/fpu\libc_nano.a(lib_a-nano-callocr.o)
 .ARM.attributes
                0x00000c8a       0x34 c:/program files (x86)/atollic/truestudio for stm32 9.0.0/armtools/bin/../lib/gcc/arm-atollic-eabi/6.3.1/../../../../arm-atollic-eabi/lib/armv7e-m/fpu\libc_nano.a(lib_a-nano-freer.o)
 .ARM.attributes
                0x00000cbe       0x34 c:/program files (x86)/atollic/truestudio for stm32 9.0.0/armtools/bin/../lib/gcc/arm-atollic-eabi/6.3.1/../../../../arm-atollic-eabi/lib/armv7e-m/fpu\libc_nano.a(lib_a-nano-mallocr.o)
 .ARM.attributes
                0x00000cf2       0x34 c:/program files (x86)/atollic/truestudio for stm32 9.0.0/armtools/bin/../lib/gcc/arm-atollic-eabi/6.3.1/../../../../arm-atollic-eabi/lib/armv7e-m/fpu\libc_nano.a(lib_a-nano-vfprintf.o)
 .ARM.attributes
                0x00000d26       0x34 c:/program files (x86)/atollic/truestudio for stm32 9.0.0/armtools/bin/../lib/gcc/arm-atollic-eabi/6.3.1/../../../../arm-atollic-eabi/lib/armv7e-m/fpu\libc_nano.a(lib_a-sbrkr.o)
 .ARM.attributes
                0x00000d5a       0x34 c:/program files (x86)/atollic/truestudio for stm32 9.0.0/armtools/bin/../lib/gcc/arm-atollic-eabi/6.3.1/../../../../arm-atollic-eabi/lib/armv7e-m/fpu\libc_nano.a(lib_a-stdio.o)
 .ARM.attributes
                0x00000d8e       0x34 c:/program files (x86)/atollic/truestudio for stm32 9.0.0/armtools/bin/../lib/gcc/arm-atollic-eabi/6.3.1/../../../../arm-atollic-eabi/lib/armv7e-m/fpu\libc_nano.a(lib_a-writer.o)
 .ARM.attributes
                0x00000dc2       0x34 c:/program files (x86)/atollic/truestudio for stm32 9.0.0/armtools/bin/../lib/gcc/arm-atollic-eabi/6.3.1/../../../../arm-atollic-eabi/lib/armv7e-m/fpu\libc_nano.a(lib_a-closer.o)
 .ARM.attributes
                0x00000df6       0x34 c:/program files (x86)/atollic/truestudio for stm32 9.0.0/armtools/bin/../lib/gcc/arm-atollic-eabi/6.3.1/../../../../arm-atollic-eabi/lib/armv7e-m/fpu\libc_nano.a(lib_a-fstatr.o)
 .ARM.attributes
                0x00000e2a       0x34 c:/program files (x86)/atollic/truestudio for stm32 9.0.0/armtools/bin/../lib/gcc/arm-atollic-eabi/6.3.1/../../../../arm-atollic-eabi/lib/armv7e-m/fpu\libc_nano.a(lib_a-isattyr.o)
 .ARM.attributes
                0x00000e5e       0x34 c:/program files (x86)/atollic/truestudio for stm32 9.0.0/armtools/bin/../lib/gcc/arm-atollic-eabi/6.3.1/../../../../arm-atollic-eabi/lib/armv7e-m/fpu\libc_nano.a(lib_a-locale.o)
 .ARM.attributes
                0x00000e92       0x34 c:/program files (x86)/atollic/truestudio for stm32 9.0.0/armtools/bin/../lib/gcc/arm-atollic-eabi/6.3.1/../../../../arm-atollic-eabi/lib/armv7e-m/fpu\libc_nano.a(lib_a-lseekr.o)
 .ARM.attributes
                0x00000ec6       0x34 c:/program files (x86)/atollic/truestudio for stm32 9.0.0/armtools/bin/../lib/gcc/arm-atollic-eabi/6.3.1/../../../../arm-atollic-eabi/lib/armv7e-m/fpu\libc_nano.a(lib_a-mbtowc_r.o)
 .ARM.attributes
                0x00000efa       0x34 c:/program files (x86)/atollic/truestudio for stm32 9.0.0/armtools/bin/../lib/gcc/arm-atollic-eabi/6.3.1/../../../../arm-atollic-eabi/lib/armv7e-m/fpu\libc_nano.a(lib_a-mlock.o)
 .ARM.attributes
                0x00000f2e       0x34 c:/program files (x86)/atollic/truestudio for stm32 9.0.0/armtools/bin/../lib/gcc/arm-atollic-eabi/6.3.1/../../../../arm-atollic-eabi/lib/armv7e-m/fpu\libc_nano.a(lib_a-readr.o)
 .ARM.attributes
                0x00000f62       0x34 c:/program files (x86)/atollic/truestudio for stm32 9.0.0/armtools/bin/../lib/gcc/arm-atollic-eabi/6.3.1/../../../../arm-atollic-eabi/lib/armv7e-m/fpu\libc_nano.a(lib_a-reent.o)
 .ARM.attributes
                0x00000f96       0x34 c:/program files (x86)/atollic/truestudio for stm32 9.0.0/armtools/bin/../lib/gcc/arm-atollic-eabi/6.3.1/../../../../arm-atollic-eabi/lib/armv7e-m/fpu\libc_nano.a(lib_a-wctomb_r.o)
 .ARM.attributes
                0x00000fca       0x34 c:/program files (x86)/atollic/truestudio for stm32 9.0.0/armtools/bin/../lib/gcc/arm-atollic-eabi/6.3.1/../../../../arm-atollic-eabi/lib/armv7e-m/fpu\libc_nano.a(lib_a-ctype_.o)
 .ARM.attributes
                0x00000ffe       0x22 c:/program files (x86)/atollic/truestudio for stm32 9.0.0/armtools/bin/../lib/gcc/arm-atollic-eabi/6.3.1/armv7e-m/fpu\libgcc.a(_arm_addsubdf3.o)
 .ARM.attributes
                0x00001020       0x22 c:/program files (x86)/atollic/truestudio for stm32 9.0.0/armtools/bin/../lib/gcc/arm-atollic-eabi/6.3.1/armv7e-m/fpu\libgcc.a(_arm_muldivdf3.o)
 .ARM.attributes
                0x00001042       0x22 c:/program files (x86)/atollic/truestudio for stm32 9.0.0/armtools/bin/../lib/gcc/arm-atollic-eabi/6.3.1/armv7e-m/fpu\libgcc.a(_arm_cmpdf2.o)
 .ARM.attributes
                0x00001064       0x22 c:/program files (x86)/atollic/truestudio for stm32 9.0.0/armtools/bin/../lib/gcc/arm-atollic-eabi/6.3.1/armv7e-m/fpu\libgcc.a(_arm_unorddf2.o)
 .ARM.attributes
                0x00001086       0x22 c:/program files (x86)/atollic/truestudio for stm32 9.0.0/armtools/bin/../lib/gcc/arm-atollic-eabi/6.3.1/armv7e-m/fpu\libgcc.a(_arm_fixdfsi.o)
 .ARM.attributes
                0x000010a8       0x22 c:/program files (x86)/atollic/truestudio for stm32 9.0.0/armtools/bin/../lib/gcc/arm-atollic-eabi/6.3.1/armv7e-m/fpu\libgcc.a(_arm_truncdfsf2.o)
 .ARM.attributes
                0x000010ca       0x22 c:/program files (x86)/atollic/truestudio for stm32 9.0.0/armtools/bin/../lib/gcc/arm-atollic-eabi/6.3.1/armv7e-m/fpu\libgcc.a(_aeabi_uldivmod.o)
 .ARM.attributes
                0x000010ec       0x34 c:/program files (x86)/atollic/truestudio for stm32 9.0.0/armtools/bin/../lib/gcc/arm-atollic-eabi/6.3.1/armv7e-m/fpu\libgcc.a(_udivmoddi4.o)
 .ARM.attributes
                0x00001120       0x22 c:/program files (x86)/atollic/truestudio for stm32 9.0.0/armtools/bin/../lib/gcc/arm-atollic-eabi/6.3.1/armv7e-m/fpu\libgcc.a(_dvmd_tls.o)
 .ARM.attributes
                0x00001142       0x34 c:/program files (x86)/atollic/truestudio for stm32 9.0.0/armtools/bin/../lib/gcc/arm-atollic-eabi/6.3.1/../../../../arm-atollic-eabi/lib/armv7e-m/fpu\libnosys.a(close.o)
 .ARM.attributes
                0x00001176       0x34 c:/program files (x86)/atollic/truestudio for stm32 9.0.0/armtools/bin/../lib/gcc/arm-atollic-eabi/6.3.1/../../../../arm-atollic-eabi/lib/armv7e-m/fpu\libnosys.a(fstat.o)
 .ARM.attributes
                0x000011aa       0x34 c:/program files (x86)/atollic/truestudio for stm32 9.0.0/armtools/bin/../lib/gcc/arm-atollic-eabi/6.3.1/../../../../arm-atollic-eabi/lib/armv7e-m/fpu\libnosys.a(isatty.o)
 .ARM.attributes
                0x000011de       0x34 c:/program files (x86)/atollic/truestudio for stm32 9.0.0/armtools/bin/../lib/gcc/arm-atollic-eabi/6.3.1/../../../../arm-atollic-eabi/lib/armv7e-m/fpu\libnosys.a(lseek.o)
 .ARM.attributes
                0x00001212       0x34 c:/program files (x86)/atollic/truestudio for stm32 9.0.0/armtools/bin/../lib/gcc/arm-atollic-eabi/6.3.1/../../../../arm-atollic-eabi/lib/armv7e-m/fpu\libnosys.a(read.o)
 .ARM.attributes
                0x00001246       0x34 c:/program files (x86)/atollic/truestudio for stm32 9.0.0/armtools/bin/../lib/gcc/arm-atollic-eabi/6.3.1/../../../../arm-atollic-eabi/lib/armv7e-m/fpu\libnosys.a(sbrk.o)
 .ARM.attributes
                0x0000127a       0x22 c:/program files (x86)/atollic/truestudio for stm32 9.0.0/armtools/bin/../lib/gcc/arm-atollic-eabi/6.3.1/armv7e-m/fpu/crtn.o
OUTPUT(NUCLEO-L476RG_DFSDM.elf elf32-littlearm)

.comment        0x00000000       0xec
 .comment       0x00000000       0x7c Drivers\STM32L4xx_HAL_Driver\Src\stm32l4xx_hal.o
                                 0x7d (size before relaxing)
 .comment       0x0000007c       0x7d Drivers\STM32L4xx_HAL_Driver\Src\stm32l4xx_hal_cortex.o
 .comment       0x0000007c       0x7d Drivers\STM32L4xx_HAL_Driver\Src\stm32l4xx_hal_dfsdm.o
 .comment       0x0000007c       0x7d Drivers\STM32L4xx_HAL_Driver\Src\stm32l4xx_hal_dma.o
 .comment       0x0000007c       0x7d Drivers\STM32L4xx_HAL_Driver\Src\stm32l4xx_hal_gpio.o
 .comment       0x0000007c       0x7d Drivers\STM32L4xx_HAL_Driver\Src\stm32l4xx_hal_pwr_ex.o
 .comment       0x0000007c       0x7d Drivers\STM32L4xx_HAL_Driver\Src\stm32l4xx_hal_rcc.o
 .comment       0x0000007c       0x7d Drivers\STM32L4xx_HAL_Driver\Src\stm32l4xx_hal_rcc_ex.o
 .comment       0x0000007c       0x7d Drivers\STM32L4xx_HAL_Driver\Src\stm32l4xx_hal_uart.o
 .comment       0x0000007c       0x7d Src\dfsdm.o
 .comment       0x0000007c       0x7d Src\dma.o
 .comment       0x0000007c       0x7d Src\gpio.o
 .comment       0x0000007c       0x7d Src\main.o
 .comment       0x0000007c       0x7d Src\stm32l4xx_hal_msp.o
 .comment       0x0000007c       0x7d Src\stm32l4xx_it.o
 .comment       0x0000007c       0x7d Src\system_stm32l4xx.o
 .comment       0x0000007c       0x7d Src\usart.o
 .comment       0x0000007c       0x70 C:/Users/shiny/Documents/GitHub/NUCLEO-L476RG_DFSDM_PDM-Mic/Drivers/CMSIS/Lib/GCC\libarm_cortexM4lf_math.a(arm_max_f32.o)
                                 0x71 (size before relaxing)
 .comment       0x000000ec       0x71 C:/Users/shiny/Documents/GitHub/NUCLEO-L476RG_DFSDM_PDM-Mic/Drivers/CMSIS/Lib/GCC\libarm_cortexM4lf_math.a(arm_rfft_fast_init_f32.o)
 .comment       0x000000ec       0x71 C:/Users/shiny/Documents/GitHub/NUCLEO-L476RG_DFSDM_PDM-Mic/Drivers/CMSIS/Lib/GCC\libarm_cortexM4lf_math.a(arm_rfft_fast_f32.o)
 .comment       0x000000ec       0x71 C:/Users/shiny/Documents/GitHub/NUCLEO-L476RG_DFSDM_PDM-Mic/Drivers/CMSIS/Lib/GCC\libarm_cortexM4lf_math.a(arm_cfft_f32.o)
 .comment       0x000000ec       0x71 C:/Users/shiny/Documents/GitHub/NUCLEO-L476RG_DFSDM_PDM-Mic/Drivers/CMSIS/Lib/GCC\libarm_cortexM4lf_math.a(arm_cmplx_mag_f32.o)
 .comment       0x000000ec       0x71 C:/Users/shiny/Documents/GitHub/NUCLEO-L476RG_DFSDM_PDM-Mic/Drivers/CMSIS/Lib/GCC\libarm_cortexM4lf_math.a(arm_cos_f32.o)
 .comment       0x000000ec       0x71 C:/Users/shiny/Documents/GitHub/NUCLEO-L476RG_DFSDM_PDM-Mic/Drivers/CMSIS/Lib/GCC\libarm_cortexM4lf_math.a(arm_scale_f32.o)
 .comment       0x000000ec       0x71 C:/Users/shiny/Documents/GitHub/NUCLEO-L476RG_DFSDM_PDM-Mic/Drivers/CMSIS/Lib/GCC\libarm_cortexM4lf_math.a(arm_mult_f32.o)
 .comment       0x000000ec       0x71 C:/Users/shiny/Documents/GitHub/NUCLEO-L476RG_DFSDM_PDM-Mic/Drivers/CMSIS/Lib/GCC\libarm_cortexM4lf_math.a(arm_common_tables.o)
 .comment       0x000000ec       0x71 C:/Users/shiny/Documents/GitHub/NUCLEO-L476RG_DFSDM_PDM-Mic/Drivers/CMSIS/Lib/GCC\libarm_cortexM4lf_math.a(arm_cfft_radix8_f32.o)

.debug_line     0x00000000     0x1c64
 .debug_line    0x00000000       0x7f startup\startup_stm32l476xx.o
 .debug_line    0x0000007f      0x16d C:/Users/shiny/Documents/GitHub/NUCLEO-L476RG_DFSDM_PDM-Mic/Drivers/CMSIS/Lib/GCC\libarm_cortexM4lf_math.a(arm_max_f32.o)
 .debug_line    0x000001ec      0x1ab C:/Users/shiny/Documents/GitHub/NUCLEO-L476RG_DFSDM_PDM-Mic/Drivers/CMSIS/Lib/GCC\libarm_cortexM4lf_math.a(arm_rfft_fast_init_f32.o)